Archive member included to satisfy reference by file (symbol)

C:/msys32/home/ASUS/spiffs/build/app_update\libapp_update.a(esp_app_desc.o)
                              (esp_app_desc)
C:/msys32/home/ASUS/spiffs/build/cxx\libcxx.a(cxx_exception_stubs.o)
                              (__cxx_fatal_exception)
C:/msys32/home/ASUS/spiffs/build/cxx\libcxx.a(cxx_guards.o)
                              (__cxa_guard_dummy)
C:/msys32/home/ASUS/spiffs/build/esp32\libesp32.a(cpu_start.o)
                              (call_start_cpu0)
C:/msys32/home/ASUS/spiffs/build/esp32\libesp32.a(dbg_stubs.o)
                              C:/msys32/home/ASUS/spiffs/build/esp32\libesp32.a(cpu_start.o) (esp_dbg_stubs_init)
C:/msys32/home/ASUS/spiffs/build/esp32\libesp32.a(task_wdt.o)
                              C:/msys32/home/ASUS/spiffs/build/esp32\libesp32.a(cpu_start.o) (esp_task_wdt_init)
C:/msys32/home/ASUS/spiffs/build/esp32\libesp32.a(reset_reason.o)
                              C:/msys32/home/ASUS/spiffs/build/esp32\libesp32.a(task_wdt.o) (esp_reset_reason_set_hint)
C:/msys32/home/ASUS/spiffs/build/esp32\libesp32.a(panic.o)
                              C:/msys32/home/ASUS/spiffs/build/cxx\libcxx.a(cxx_exception_stubs.o) (abort)
C:/msys32/home/ASUS/spiffs/build/esp32\libesp32.a(dport_panic_highint_hdl.o)
                              (ld_include_panic_highint_hdl)
C:/msys32/home/ASUS/spiffs/build/esp32\libesp32.a(int_wdt.o)
                              C:/msys32/home/ASUS/spiffs/build/esp32\libesp32.a(dport_panic_highint_hdl.o) (int_wdt_app_cpu_ticked)
C:/msys32/home/ASUS/spiffs/build/esp32\libesp32.a(brownout.o)
                              C:/msys32/home/ASUS/spiffs/build/esp32\libesp32.a(cpu_start.o) (esp_brownout_init)
C:/msys32/home/ASUS/spiffs/build/esp32\libesp32.a(system_api.o)
                              C:/msys32/home/ASUS/spiffs/build/esp32\libesp32.a(panic.o) (esp_restart_noos)
C:/msys32/home/ASUS/spiffs/build/esp32\libesp32.a(dport_access.o)
                              C:/msys32/home/ASUS/spiffs/build/esp32\libesp32.a(dport_panic_highint_hdl.o) (dport_access_start)
C:/msys32/home/ASUS/spiffs/build/esp32\libesp32.a(esp_timer.o)
                              C:/msys32/home/ASUS/spiffs/build/esp32\libesp32.a(cpu_start.o) (esp_timer_init)
C:/msys32/home/ASUS/spiffs/build/esp32\libesp32.a(esp_err_to_name.o)
                              C:/msys32/home/ASUS/spiffs/build/esp32\libesp32.a(panic.o) (esp_err_to_name)
C:/msys32/home/ASUS/spiffs/build/esp32\libesp32.a(intr_alloc.o)
                              C:/msys32/home/ASUS/spiffs/build/esp32\libesp32.a(task_wdt.o) (esp_intr_alloc)
C:/msys32/home/ASUS/spiffs/build/esp32\libesp32.a(ipc.o)
                              C:/msys32/home/ASUS/spiffs/build/esp32\libesp32.a(intr_alloc.o) (esp_ipc_call_blocking)
C:/msys32/home/ASUS/spiffs/build/esp32\libesp32.a(cache_err_int.o)
                              C:/msys32/home/ASUS/spiffs/build/esp32\libesp32.a(cpu_start.o) (esp_cache_err_int_init)
C:/msys32/home/ASUS/spiffs/build/esp32\libesp32.a(freertos_hooks.o)
                              C:/msys32/home/ASUS/spiffs/build/esp32\libesp32.a(task_wdt.o) (esp_register_freertos_idle_hook_for_cpu)
C:/msys32/home/ASUS/spiffs/build/esp32\libesp32.a(clk.o)
                              C:/msys32/home/ASUS/spiffs/build/esp32\libesp32.a(cpu_start.o) (esp_clk_init)
C:/msys32/home/ASUS/spiffs/build/esp32\libesp32.a(esp_timer_esp32.o)
                              C:/msys32/home/ASUS/spiffs/build/esp32\libesp32.a(esp_timer.o) (esp_timer_impl_get_time)
C:/msys32/home/ASUS/spiffs/build/esp32\libesp32.a(crosscore_int.o)
                              C:/msys32/home/ASUS/spiffs/build/esp32\libesp32.a(cpu_start.o) (esp_crosscore_int_init)
C:/msys32/home/ASUS/spiffs/build/esp32\libesp32.a(pm_esp32.o)
                              C:/msys32/home/ASUS/spiffs/build/esp32\libesp32.a(freertos_hooks.o) (esp_pm_impl_waiti)
C:/msys32/home/ASUS/spiffs/build/esp32\libesp32.a(pm_locks.o)
                              C:/msys32/home/ASUS/spiffs/build/esp32\libesp32.a(pm_esp32.o) (esp_pm_lock_create)
C:/msys32/home/ASUS/esp/esp-idf/components/esp32/libhal.a(int_asm--set_intclear.o)
                              C:/msys32/home/ASUS/spiffs/build/esp32\libesp32.a(intr_alloc.o) (xthal_set_intclear)
C:/msys32/home/ASUS/spiffs/build/freertos\libfreertos.a(FreeRTOS-openocd.o)
                              (uxTopUsedPriority)
C:/msys32/home/ASUS/spiffs/build/freertos\libfreertos.a(tasks.o)
                              C:/msys32/home/ASUS/spiffs/build/esp32\libesp32.a(system_api.o) (vTaskSuspendAll)
C:/msys32/home/ASUS/spiffs/build/freertos\libfreertos.a(port.o)
                              C:/msys32/home/ASUS/spiffs/build/freertos\libfreertos.a(tasks.o) (pxPortInitialiseStack)
C:/msys32/home/ASUS/spiffs/build/freertos\libfreertos.a(xtensa_init.o)
                              C:/msys32/home/ASUS/spiffs/build/esp32\libesp32.a(pm_esp32.o) (_xt_tick_divisor)
[...]
Memory Configuration

Name             Origin             Length             Attributes
iram0_0_seg      0x40080000         0x00020000         xr
iram0_2_seg      0x400d0018         0x0032ffe8         xr
dram0_0_seg      0x3ffb0000         0x0002c200         rw
drom0_0_seg      0x3f400018         0x003fffe8         r
rtc_iram_seg     0x400c0000         0x00002000         xrw
rtc_data_seg     0x3ff80000         0x00002000         rw
rtc_slow_seg     0x50000000         0x00001000         rw
extern_ram_seg   0x3f800000         0x00400000         xrw
*default*        0x00000000         0xffffffff

Linker script and memory map

START GROUP
LOAD C:/msys32/home/ASUS/spiffs/build/app_trace\libapp_trace.a
LOAD C:/msys32/home/ASUS/spiffs/build/app_update\libapp_update.a
LOAD C:/msys32/home/ASUS/spiffs/build/asio\libasio.a
LOAD C:/msys32/home/ASUS/spiffs/build/bootloader_support\libbootloader_support.a
LOAD C:/msys32/home/ASUS/spiffs/build/bt\libbt.a
LOAD C:/msys32/home/ASUS/spiffs/build/coap\libcoap.a
LOAD C:/msys32/home/ASUS/spiffs/build/console\libconsole.a
LOAD C:/msys32/home/ASUS/spiffs/build/cxx\libcxx.a
LOAD C:/msys32/home/ASUS/spiffs/build/driver\libdriver.a
LOAD C:/msys32/home/ASUS/spiffs/build/esp-tls\libesp-tls.a
LOAD C:/msys32/home/ASUS/spiffs/build/esp32\libesp32.a
LOAD C:/msys32/home/ASUS/esp/esp-idf/components/esp32/libhal.a
LOAD C:/msys32/home/ASUS/esp/esp-idf/components/esp32/lib\libcore.a
LOAD C:/msys32/home/ASUS/esp/esp-idf/components/esp32/lib\librtc.a
LOAD C:/msys32/home/ASUS/esp/esp-idf/components/esp32/lib\libnet80211.a
LOAD C:/msys32/home/ASUS/esp/esp-idf/components/esp32/lib\libpp.a
LOAD C:/msys32/home/ASUS/esp/esp-idf/components/esp32/lib\libwpa.a
LOAD C:/msys32/home/ASUS/esp/esp-idf/components/esp32/lib\libsmartconfig.a
LOAD C:/msys32/home/ASUS/esp/esp-idf/components/esp32/lib\libcoexist.a
LOAD C:/msys32/home/ASUS/esp/esp-idf/components/esp32/lib\libwps.a
LOAD C:/msys32/home/ASUS/esp/esp-idf/components/esp32/lib\libwpa2.a
LOAD C:/msys32/home/ASUS/esp/esp-idf/components/esp32/lib\libespnow.a
LOAD C:/msys32/home/ASUS/esp/esp-idf/components/esp32/lib\libphy.a
LOAD C:/msys32/home/ASUS/esp/esp-idf/components/esp32/lib\libmesh.a
LOAD C:/msys32/home/ASUS/spiffs/build/esp_adc_cal\libesp_adc_cal.a
LOAD C:/msys32/home/ASUS/spiffs/build/esp_event\libesp_event.a
LOAD C:/msys32/home/ASUS/spiffs/build/esp_http_client\libesp_http_client.a
LOAD C:/msys32/home/ASUS/spiffs/build/esp_http_server\libesp_http_server.a
LOAD C:/msys32/home/ASUS/spiffs/build/esp_https_ota\libesp_https_ota.a
LOAD C:/msys32/home/ASUS/spiffs/build/esp_https_server\libesp_https_server.a
LOAD C:/msys32/home/ASUS/spiffs/build/esp_ringbuf\libesp_ringbuf.a
LOAD C:/msys32/home/ASUS/spiffs/build/ethernet\libethernet.a
LOAD C:/msys32/home/ASUS/spiffs/build/expat\libexpat.a
LOAD C:/msys32/home/ASUS/spiffs/build/fatfs\libfatfs.a
LOAD C:/msys32/home/ASUS/spiffs/build/freemodbus\libfreemodbus.a
LOAD C:/msys32/home/ASUS/spiffs/build/freertos\libfreertos.a
LOAD C:/msys32/home/ASUS/spiffs/build/heap\libheap.a
LOAD C:/msys32/home/ASUS/spiffs/build/idf_test\libidf_test.a
LOAD C:/msys32/home/ASUS/spiffs/build/jsmn\libjsmn.a
LOAD C:/msys32/home/ASUS/spiffs/build/json\libjson.a
LOAD C:/msys32/home/ASUS/spiffs/build/libsodium\liblibsodium.a
LOAD C:/msys32/home/ASUS/spiffs/build/log\liblog.a
LOAD C:/msys32/home/ASUS/spiffs/build/lwip\liblwip.a
LOAD C:/msys32/home/ASUS/spiffs/build/main\libmain.a
LOAD C:/msys32/home/ASUS/spiffs/build/mbedtls\libmbedtls.a
LOAD C:/msys32/home/ASUS/spiffs/build/mdns\libmdns.a
LOAD C:/msys32/home/ASUS/spiffs/build/micro-ecc\libmicro-ecc.a
LOAD C:/msys32/home/ASUS/spiffs/build/mqtt\libmqtt.a
LOAD C:/msys32/home/ASUS/esp/esp-idf/components/newlib/lib/libc.a
LOAD C:/msys32/home/ASUS/esp/esp-idf/components/newlib/lib/libm.a
LOAD C:/msys32/home/ASUS/spiffs/build/newlib\libnewlib.a
LOAD C:/msys32/home/ASUS/spiffs/build/nghttp\libnghttp.a
LOAD C:/msys32/home/ASUS/spiffs/build/nvs_flash\libnvs_flash.a
LOAD C:/msys32/home/ASUS/spiffs/build/openssl\libopenssl.a
LOAD C:/msys32/home/ASUS/spiffs/build/protobuf-c\libprotobuf-c.a
LOAD C:/msys32/home/ASUS/spiffs/build/protocomm\libprotocomm.a
LOAD C:/msys32/home/ASUS/spiffs/build/pthread\libpthread.a
LOAD C:/msys32/home/ASUS/spiffs/build/sdmmc\libsdmmc.a
LOAD C:/msys32/home/ASUS/spiffs/build/smartconfig_ack\libsmartconfig_ack.a
LOAD C:/msys32/home/ASUS/spiffs/build/soc\libsoc.a
LOAD C:/msys32/home/ASUS/spiffs/build/spi_flash\libspi_flash.a
LOAD C:/msys32/home/ASUS/spiffs/build/spiffs\libspiffs.a
LOAD C:/msys32/home/ASUS/spiffs/build/tcp_transport\libtcp_transport.a
LOAD C:/msys32/home/ASUS/spiffs/build/tcpip_adapter\libtcpip_adapter.a
LOAD C:/msys32/home/ASUS/spiffs/build/ulp\libulp.a
LOAD C:/msys32/home/ASUS/spiffs/build/unity\libunity.a
LOAD C:/msys32/home/ASUS/spiffs/build/vfs\libvfs.a
LOAD C:/msys32/home/ASUS/spiffs/build/wear_levelling\libwear_levelling.a
LOAD C:/msys32/home/ASUS/spiffs/build/wifi_provisioning\libwifi_provisioning.a
LOAD C:/msys32/home/ASUS/spiffs/build/wpa_supplicant\libwpa_supplicant.a
LOAD C:/msys32/home/ASUS/spiffs/build/xtensa-debug-module\libxtensa-debug-module.a
LOAD c:/msys32/opt/xtensa-esp32-elf/bin/../lib/gcc/xtensa-esp32-elf/5.2.0\libgcc.a
LOAD c:/msys32/opt/xtensa-esp32-elf/bin/../lib/gcc/xtensa-esp32-elf/5.2.0/../../../../xtensa-esp32-elf/lib\libstdc++.a
LOAD c:/msys32/opt/xtensa-esp32-elf/bin/../lib/gcc/xtensa-esp32-elf/5.2.0\libgcov.a
END GROUP
                0x40000000                _heap_end = 0x40000000
                0x3ff80000                _data_seg_org = ORIGIN (rtc_data_seg)

.rtc.text       0x400c0000        0x0
                0x400c0000                . = ALIGN (0x4)
 *(.rtc.literal .rtc.text .rtc.text.*)
 *rtc_wake_stub*.*(.literal .text .literal.* .text.*)
                0x400c0000                _rtc_text_end = ABSOLUTE (.)

.rtc.dummy      0x3ff80000        0x0
                0x3ff80000                _rtc_dummy_start = ABSOLUTE (.)
                0x3ff80000                _rtc_fast_start = ABSOLUTE (.)
                0x00000000                . = SIZEOF (.rtc.text)
                0x00000000                _rtc_dummy_end = ABSOLUTE (.)

.rtc.force_fast
                0x3ff80000        0x0
                0x3ff80000                . = ALIGN (0x4)
                0x3ff80000                _rtc_force_fast_start = ABSOLUTE (.)
 *(.rtc.force_fast .rtc.force_fast.*)
                0x3ff80000                . = ALIGN (0x4)
                0x3ff80000                _rtc_force_fast_end = ABSOLUTE (.)

.rtc.data       0x50000000        0x0
                0x50000000                _rtc_data_start = ABSOLUTE (.)
 *(.rtc.data .rtc.data.* .rtc.rodata .rtc.rodata.*)
 *rtc_wake_stub*.*(.data .rodata .data.* .rodata.* .bss .bss.*)
                0x50000000                _rtc_data_end = ABSOLUTE (.)

.rtc.bss        0x50000000        0x0
                0x50000000                _rtc_bss_start = ABSOLUTE (.)
 *rtc_wake_stub*.*(.bss .bss.*)
 *rtc_wake_stub*.*(COMMON)
 *(.rtc.bss)
                0x50000000                _rtc_bss_end = ABSOLUTE (.)

.rtc_noinit     0x50000000        0x0
                0x50000000                . = ALIGN (0x4)
                0x50000000                _rtc_noinit_start = ABSOLUTE (.)
 *(.rtc_noinit .rtc_noinit.*)
                0x50000000                . = ALIGN (0x4)
                0x50000000                _rtc_noinit_end = ABSOLUTE (.)

.rtc.force_slow
                0x50000000        0x0
                0x50000000                . = ALIGN (0x4)
                0x50000000                _rtc_force_slow_start = ABSOLUTE (.)
 *(.rtc.force_slow .rtc.force_slow.*)
                0x50000000                . = ALIGN (0x4)
                0x50000000                _rtc_force_slow_end = ABSOLUTE (.)
                0x00000000                _rtc_slow_length = (ORIGIN (rtc_slow_seg) == ORIGIN (rtc_data_location))?(_rtc_force_slow_end - _rtc_data_start):(_rtc_force_slow_end - _rtc_force_slow_start)
                0x00000000                _rtc_fast_length = (ORIGIN (rtc_slow_seg) == ORIGIN (rtc_data_location))?(_rtc_force_fast_end - _rtc_fast_start):(_rtc_noinit_end - _rtc_fast_start)
                0x00000001                ASSERT ((_rtc_slow_length <= 0x1000), RTC_SLOW segment data does not fit.)
                0x00000001                ASSERT ((_rtc_fast_length <= 0x2000), RTC_FAST segment data does not fit.)

.iram0.vectors  0x40080000      0x400
                0x40080000                _iram_start = ABSOLUTE (.)
                0x40080000                _init_start = ABSOLUTE (.)
                0x00000000                . = 0x0
 *(.WindowVectors.text)
 .WindowVectors.text
                0x40080000      0x16a C:/msys32/home/ASUS/spiffs/build/freertos\libfreertos.a(xtensa_vectors.o)
                0x40080000                _WindowOverflow4
                0x40080040                _WindowUnderflow4
                0x40080050                _xt_alloca_exc
                0x40080080                _WindowOverflow8
                0x400800c0                _WindowUnderflow8
                0x40080100                _WindowOverflow12
                0x40080140                _WindowUnderflow12
                0x00000180                . = 0x180
 *fill*         0x4008016a       0x16 
 *(.Level2InterruptVector.text)
 .Level2InterruptVector.text
                0x40080180        0x6 C:/msys32/home/ASUS/spiffs/build/freertos\libfreertos.a(xtensa_vectors.o)
                0x40080180                _Level2Vector
                0x000001c0                . = 0x1c0
 *fill*         0x40080186       0x3a 
 *(.Level3InterruptVector.text)
 .Level3InterruptVector.text
                0x400801c0        0x6 C:/msys32/home/ASUS/spiffs/build/freertos\libfreertos.a(xtensa_vectors.o)
                0x400801c0                _Level3Vector
                0x00000200                . = 0x200
 *fill*         0x400801c6       0x3a 
 *(.Level4InterruptVector.text)
 .Level4InterruptVector.text
                0x40080200        0x6 C:/msys32/home/ASUS/spiffs/build/freertos\libfreertos.a(xtensa_vectors.o)
                0x40080200                _Level4Vector
                0x00000240                . = 0x240
 *fill*         0x40080206       0x3a 
 *(.Level5InterruptVector.text)
 .Level5InterruptVector.text
                0x40080240        0x6 C:/msys32/home/ASUS/spiffs/build/freertos\libfreertos.a(xtensa_vectors.o)
                0x40080240                _Level5Vector
                0x00000280                . = 0x280
 *fill*         0x40080246       0x3a 
 *(.DebugExceptionVector.text)
 .DebugExceptionVector.text
                0x40080280        0x6 C:/msys32/home/ASUS/spiffs/build/freertos\libfreertos.a(xtensa_vectors.o)
                0x40080280                _DebugExceptionVector
                0x000002c0                . = 0x2c0
 *fill*         0x40080286       0x3a 
 *(.NMIExceptionVector.text)
 .NMIExceptionVector.text
                0x400802c0        0x6 C:/msys32/home/ASUS/spiffs/build/freertos\libfreertos.a(xtensa_vectors.o)
                0x400802c0                _NMIExceptionVector
                0x00000300                . = 0x300
 *fill*         0x400802c6       0x3a 
 *(.KernelExceptionVector.text)
 .KernelExceptionVector.text
                0x40080300        0x6 C:/msys32/home/ASUS/spiffs/build/freertos\libfreertos.a(xtensa_vectors.o)
                0x40080300                _KernelExceptionVector
                0x00000340                . = 0x340
 *fill*         0x40080306       0x3a 
 *(.UserExceptionVector.text)
 .UserExceptionVector.text
                0x40080340        0x6 C:/msys32/home/ASUS/spiffs/build/freertos\libfreertos.a(xtensa_vectors.o)
                0x40080340                _UserExceptionVector
                0x000003c0                . = 0x3c0
 *fill*         0x40080346       0x7a 
 *(.DoubleExceptionVector.text)
 .DoubleExceptionVector.text
                0x400803c0        0xf C:/msys32/home/ASUS/spiffs/build/freertos\libfreertos.a(xtensa_vectors.o)
                0x400803c0                _DoubleExceptionVector
                0x00000400                . = 0x400
 *fill*         0x400803cf       0x31 
 *(.*Vector.literal)
 *(.UserEnter.literal)
 *(.UserEnter.text)
                0x40080400                . = ALIGN (0x10)
 *(.entry.text)
 *(.init.literal)
 *(.init)
                0x40080400                _init_end = ABSOLUTE (.)

.iram0.text     0x40080400     0x8c48
                0x40080400                _iram_text_start = ABSOLUTE (.)
 *(.iram1 .iram1.*)
 .iram1.21.literal
                0x40080400       0x40 C:/msys32/home/ASUS/spiffs/build/esp32\libesp32.a(cpu_start.o)
                                 0xb8 (size before relaxing)
 .iram1.23.literal
                0x40080440        0xc C:/msys32/home/ASUS/spiffs/build/esp32\libesp32.a(cpu_start.o)
                                 0x2c (size before relaxing)
 .iram1.25.literal
                0x4008044c       0x1c C:/msys32/home/ASUS/spiffs/build/esp32\libesp32.a(cpu_start.o)
                                 0x34 (size before relaxing)
 .iram1.24.literal
                0x40080468       0x64 C:/msys32/home/ASUS/spiffs/build/esp32\libesp32.a(cpu_start.o)
                                0x110 (size before relaxing)
 .iram1.0.literal
                0x400804cc       0x18 C:/msys32/home/ASUS/spiffs/build/esp32\libesp32.a(reset_reason.o)
                                 0x1c (size before relaxing)
 .iram1.1.literal
                0x400804e4        0x0 C:/msys32/home/ASUS/spiffs/build/esp32\libesp32.a(reset_reason.o)
                                  0x4 (size before relaxing)
 .iram1.literal
                0x400804e4       0x24 C:/msys32/home/ASUS/spiffs/build/esp32\libesp32.a(dport_panic_highint_hdl.o)
                                 0x28 (size before relaxing)
 .iram1.14.literal
                0x40080508        0x8 C:/msys32/home/ASUS/spiffs/build/esp32\libesp32.a(int_wdt.o)
                                  0xc (size before relaxing)
 .iram1.22.literal
                0x40080510       0x40 C:/msys32/home/ASUS/spiffs/build/esp32\libesp32.a(system_api.o)
                                 0xb0 (size before relaxing)
 .iram1.15.literal
                0x40080550       0x18 C:/msys32/home/ASUS/spiffs/build/esp32\libesp32.a(dport_access.o)
                                 0x2c (size before relaxing)
 .iram1.16.literal
                0x40080568        0xc C:/msys32/home/ASUS/spiffs/build/esp32\libesp32.a(dport_access.o)
                                 0x2c (size before relaxing)
 .iram1.19.literal
                0x40080574        0x0 C:/msys32/home/ASUS/spiffs/build/esp32\libesp32.a(dport_access.o)
                                 0x10 (size before relaxing)
 .iram1.20.literal
                0x40080574        0x0 C:/msys32/home/ASUS/spiffs/build/esp32\libesp32.a(dport_access.o)
                                  0x4 (size before relaxing)
 .iram1.23.literal
                0x40080574        0x4 C:/msys32/home/ASUS/spiffs/build/esp32\libesp32.a(dport_access.o)
 .iram1.24.literal
                0x40080578        0x0 C:/msys32/home/ASUS/spiffs/build/esp32\libesp32.a(dport_access.o)
                                  0x4 (size before relaxing)
 .iram1.20.literal
                0x40080578        0x4 C:/msys32/home/ASUS/spiffs/build/esp32\libesp32.a(esp_timer.o)
 .iram1.17.literal
                0x4008057c        0x4 C:/msys32/home/ASUS/spiffs/build/esp32\libesp32.a(esp_timer.o)
                                  0x8 (size before relaxing)
 .iram1.18.literal
                0x40080580        0x0 C:/msys32/home/ASUS/spiffs/build/esp32\libesp32.a(esp_timer.o)
                                  0x8 (size before relaxing)
 .iram1.14.literal
                0x40080580       0x10 C:/msys32/home/ASUS/spiffs/build/esp32\libesp32.a(esp_timer.o)
                                 0x20 (size before relaxing)
 .iram1.19.literal
                0x40080590        0x4 C:/msys32/home/ASUS/spiffs/build/esp32\libesp32.a(esp_timer.o)
                                  0xc (size before relaxing)
 .iram1.22.literal
                0x40080594        0x0 C:/msys32/home/ASUS/spiffs/build/esp32\libesp32.a(esp_timer.o)
                                  0x4 (size before relaxing)
 .iram1.11.literal
                0x40080594        0x4 C:/msys32/home/ASUS/spiffs/build/esp32\libesp32.a(intr_alloc.o)
                                  0xc (size before relaxing)
 .iram1.13.literal
                0x40080598        0x4 C:/msys32/home/ASUS/spiffs/build/esp32\libesp32.a(intr_alloc.o)
                                 0x14 (size before relaxing)
 .iram1.14.literal
                0x4008059c        0xc C:/msys32/home/ASUS/spiffs/build/esp32\libesp32.a(intr_alloc.o)
                                 0x28 (size before relaxing)
 .iram1.15.literal
                0x400805a8        0xc C:/msys32/home/ASUS/spiffs/build/esp32\libesp32.a(intr_alloc.o)
                                 0x10 (size before relaxing)
 .iram1.16.literal
                0x400805b4        0x0 C:/msys32/home/ASUS/spiffs/build/esp32\libesp32.a(intr_alloc.o)
                                  0xc (size before relaxing)
 .iram1.11.literal
                0x400805b4       0x20 C:/msys32/home/ASUS/spiffs/build/esp32\libesp32.a(ipc.o)
                                 0x34 (size before relaxing)
 .iram1.13.literal
                0x400805d4        0xc C:/msys32/home/ASUS/spiffs/build/esp32\libesp32.a(cache_err_int.o)
                                 0x18 (size before relaxing)
 .iram1.10.literal
                0x400805e0        0x4 C:/msys32/home/ASUS/spiffs/build/esp32\libesp32.a(freertos_hooks.o)
 .iram1.4.literal
                0x400805e4        0x8 C:/msys32/home/ASUS/spiffs/build/esp32\libesp32.a(clk.o)
 .iram1.5.literal
                0x400805ec        0x0 C:/msys32/home/ASUS/spiffs/build/esp32\libesp32.a(clk.o)
                                  0x8 (size before relaxing)
 .iram1.7.literal
                0x400805ec        0x4 C:/msys32/home/ASUS/spiffs/build/esp32\libesp32.a(clk.o)
                                  0x8 (size before relaxing)
 .iram1.15.literal
                0x400805f0       0x40 C:/msys32/home/ASUS/spiffs/build/esp32\libesp32.a(esp_timer_esp32.o)
                                 0x4c (size before relaxing)
 .iram1.13.literal
                0x40080630        0x4 C:/msys32/home/ASUS/spiffs/build/esp32\libesp32.a(esp_timer_esp32.o)
                                 0x20 (size before relaxing)
 .iram1.14.literal
                0x40080634       0x10 C:/msys32/home/ASUS/spiffs/build/esp32\libesp32.a(esp_timer_esp32.o)
                                 0x4c (size before relaxing)
 .iram1.17.literal
                0x40080644       0x1c C:/msys32/home/ASUS/spiffs/build/esp32\libesp32.a(crosscore_int.o)
                                 0x28 (size before relaxing)
 .iram1.16.literal
                0x40080660        0x0 C:/msys32/home/ASUS/spiffs/build/esp32\libesp32.a(crosscore_int.o)
                                 0x18 (size before relaxing)
 .iram1.18.literal
                0x40080660        0x0 C:/msys32/home/ASUS/spiffs/build/esp32\libesp32.a(crosscore_int.o)
                                  0x4 (size before relaxing)
 .iram1.11.literal
                0x40080660        0x4 C:/msys32/home/ASUS/spiffs/build/freertos\libfreertos.a(port.o)
 .iram1.literal
                0x40080664       0x44 C:/msys32/home/ASUS/spiffs/build/freertos\libfreertos.a(xtensa_vectors.o)
                                 0x68 (size before relaxing)
 .iram1.18.literal
                0x400806a8        0x4 C:/msys32/home/ASUS/spiffs/build/heap\libheap.a(heap_caps.o)
 .iram1.11.literal
                0x400806ac       0x24 C:/msys32/home/ASUS/spiffs/build/heap\libheap.a(heap_caps.o)
                                 0x34 (size before relaxing)
 .iram1.12.literal
                0x400806d0        0x4 C:/msys32/home/ASUS/spiffs/build/heap\libheap.a(heap_caps.o)
                                 0x18 (size before relaxing)
 .iram1.13.literal
                0x400806d4        0xc C:/msys32/home/ASUS/spiffs/build/heap\libheap.a(heap_caps.o)
                                 0x20 (size before relaxing)
 .iram1.19.literal
                0x400806e0       0x10 C:/msys32/home/ASUS/spiffs/build/heap\libheap.a(heap_caps.o)
                                 0x20 (size before relaxing)
 .iram1.20.literal
                0x400806f0       0x10 C:/msys32/home/ASUS/spiffs/build/heap\libheap.a(heap_caps.o)
                                 0x38 (size before relaxing)
 .iram1.14.literal
                0x40080700        0x0 C:/msys32/home/ASUS/spiffs/build/heap\libheap.a(heap_caps.o)
                                 0x20 (size before relaxing)
 .iram1.11.literal
                0x40080700       0x20 C:/msys32/home/ASUS/spiffs/build/log\liblog.a(log.o)
                                 0x34 (size before relaxing)
 .iram1.12.literal
                0x40080720        0x0 C:/msys32/home/ASUS/spiffs/build/log\liblog.a(log.o)
                                  0x8 (size before relaxing)
 .iram1.13.literal
                0x40080720        0x4 C:/msys32/home/ASUS/spiffs/build/log\liblog.a(log.o)
                                 0x14 (size before relaxing)
 .iram1.11.literal
                0x40080724        0x4 C:/msys32/home/ASUS/spiffs/build/newlib\libnewlib.a(locks.o)
                                 0x1c (size before relaxing)
 .iram1.15.literal
                0x40080728        0xc C:/msys32/home/ASUS/spiffs/build/newlib\libnewlib.a(locks.o)
                                 0x38 (size before relaxing)
 .iram1.20.literal
                0x40080734        0x0 C:/msys32/home/ASUS/spiffs/build/newlib\libnewlib.a(locks.o)
                                 0x18 (size before relaxing)
 .iram1.12.literal
                0x40080734        0x0 C:/msys32/home/ASUS/spiffs/build/newlib\libnewlib.a(locks.o)
                                  0x4 (size before relaxing)
 .iram1.13.literal
                0x40080734        0x0 C:/msys32/home/ASUS/spiffs/build/newlib\libnewlib.a(locks.o)
                                  0x4 (size before relaxing)
 .iram1.14.literal
                0x40080734        0x4 C:/msys32/home/ASUS/spiffs/build/newlib\libnewlib.a(locks.o)
                                 0x28 (size before relaxing)
 .iram1.16.literal
                0x40080738        0x0 C:/msys32/home/ASUS/spiffs/build/newlib\libnewlib.a(locks.o)
                                  0x4 (size before relaxing)
 .iram1.17.literal
                0x40080738        0x0 C:/msys32/home/ASUS/spiffs/build/newlib\libnewlib.a(locks.o)
                                  0x4 (size before relaxing)
 .iram1.18.literal
                0x40080738        0x0 C:/msys32/home/ASUS/spiffs/build/newlib\libnewlib.a(locks.o)
                                  0x4 (size before relaxing)
 .iram1.19.literal
                0x40080738        0x0 C:/msys32/home/ASUS/spiffs/build/newlib\libnewlib.a(locks.o)
                                  0x4 (size before relaxing)
 .iram1.21.literal
                0x40080738        0x0 C:/msys32/home/ASUS/spiffs/build/newlib\libnewlib.a(locks.o)
                                  0x4 (size before relaxing)
 .iram1.22.literal
                0x40080738        0x0 C:/msys32/home/ASUS/spiffs/build/newlib\libnewlib.a(locks.o)
                                  0x4 (size before relaxing)
 .iram1.10.literal
                0x40080738        0x0 C:/msys32/home/ASUS/spiffs/build/newlib\libnewlib.a(syscalls.o)
                                  0x4 (size before relaxing)
 .iram1.11.literal
                0x40080738        0x0 C:/msys32/home/ASUS/spiffs/build/newlib\libnewlib.a(syscalls.o)
                                  0x4 (size before relaxing)
 .iram1.12.literal
                0x40080738        0x0 C:/msys32/home/ASUS/spiffs/build/newlib\libnewlib.a(syscalls.o)
                                  0x4 (size before relaxing)
 .iram1.13.literal
                0x40080738        0x8 C:/msys32/home/ASUS/spiffs/build/newlib\libnewlib.a(syscalls.o)
 .iram1.0.literal
                0x40080740        0x8 C:/msys32/home/ASUS/spiffs/build/newlib\libnewlib.a(reent_init.o)
                                 0x10 (size before relaxing)
 .iram1.12.literal
                0x40080748        0xc C:/msys32/home/ASUS/spiffs/build/newlib\libnewlib.a(time.o)
                                 0x18 (size before relaxing)
 .iram1.11.literal
                0x40080754        0x0 C:/msys32/home/ASUS/spiffs/build/newlib\libnewlib.a(time.o)
                                  0x8 (size before relaxing)
 .iram1.0.literal
                0x40080754       0x18 C:/msys32/home/ASUS/spiffs/build/soc\libsoc.a(cpu_util.o)
 .iram1.1.literal
                0x4008076c        0x0 C:/msys32/home/ASUS/spiffs/build/soc\libsoc.a(cpu_util.o)
                                 0x10 (size before relaxing)
 .iram1.2.literal
                0x4008076c        0x0 C:/msys32/home/ASUS/spiffs/build/soc\libsoc.a(cpu_util.o)
                                  0x4 (size before relaxing)
 .iram1.3.literal
                0x4008076c        0x4 C:/msys32/home/ASUS/spiffs/build/soc\libsoc.a(cpu_util.o)
 .iram1.37.literal
                0x40080770        0x8 C:/msys32/home/ASUS/spiffs/build/spi_flash\libspi_flash.a(flash_ops.o)
 .iram1.29.literal
                0x40080778        0x8 C:/msys32/home/ASUS/spiffs/build/spi_flash\libspi_flash.a(flash_ops.o)
                                  0xc (size before relaxing)
 .iram1.32.literal
                0x40080780        0x0 C:/msys32/home/ASUS/spiffs/build/spi_flash\libspi_flash.a(flash_ops.o)
                                  0x4 (size before relaxing)
 .iram1.22.literal
                0x40080780        0x0 C:/msys32/home/ASUS/spiffs/build/spi_flash\libspi_flash.a(flash_ops.o)
                                  0x4 (size before relaxing)
 .iram1.24.literal
                0x40080780        0x4 C:/msys32/home/ASUS/spiffs/build/spi_flash\libspi_flash.a(flash_ops.o)
 .iram1.31.literal
                0x40080784        0x0 C:/msys32/home/ASUS/spiffs/build/spi_flash\libspi_flash.a(flash_ops.o)
                                 0x18 (size before relaxing)
 .iram1.33.literal
                0x40080784       0x18 C:/msys32/home/ASUS/spiffs/build/spi_flash\libspi_flash.a(flash_ops.o)
                                 0x44 (size before relaxing)
 .iram1.35.literal
                0x4008079c        0x8 C:/msys32/home/ASUS/spiffs/build/spi_flash\libspi_flash.a(flash_ops.o)
                                 0x48 (size before relaxing)
 .iram1.36.literal
                0x400807a4        0x4 C:/msys32/home/ASUS/spiffs/build/spi_flash\libspi_flash.a(flash_ops.o)
                                 0x14 (size before relaxing)
 .iram1.34.literal
                0x400807a8        0x0 C:/msys32/home/ASUS/spiffs/build/spi_flash\libspi_flash.a(flash_ops.o)
                                 0x28 (size before relaxing)
 .iram1.28.literal
                0x400807a8       0x10 C:/msys32/home/ASUS/spiffs/build/spi_flash\libspi_flash.a(cache_utils.o)
                                 0x20 (size before relaxing)
 .iram1.22.literal
                0x400807b8        0xc C:/msys32/home/ASUS/spiffs/build/spi_flash\libspi_flash.a(cache_utils.o)
                                 0x20 (size before relaxing)
 .iram1.27.literal
                0x400807c4        0x8 C:/msys32/home/ASUS/spiffs/build/spi_flash\libspi_flash.a(cache_utils.o)
                                 0x30 (size before relaxing)
 .iram1.23.literal
                0x400807cc       0x20 C:/msys32/home/ASUS/spiffs/build/spi_flash\libspi_flash.a(cache_utils.o)
                                 0x64 (size before relaxing)
 .iram1.24.literal
                0x400807ec        0xc C:/msys32/home/ASUS/spiffs/build/spi_flash\libspi_flash.a(cache_utils.o)
                                 0x44 (size before relaxing)
 .iram1.29.literal
                0x400807f8        0x0 C:/msys32/home/ASUS/spiffs/build/spi_flash\libspi_flash.a(cache_utils.o)
                                 0x10 (size before relaxing)
 .iram1.22.literal
                0x400807f8        0x8 C:/msys32/home/ASUS/spiffs/build/spi_flash\libspi_flash.a(flash_mmap.o)
 .iram1.21.literal
                0x40080800        0xc C:/msys32/home/ASUS/spiffs/build/spi_flash\libspi_flash.a(flash_mmap.o)
                                 0x18 (size before relaxing)
 .iram1.27.literal
                0x4008080c        0x0 C:/msys32/home/ASUS/spiffs/build/spi_flash\libspi_flash.a(flash_mmap.o)
                                 0x10 (size before relaxing)
 .iram1.30.literal
                0x4008080c        0xc C:/msys32/home/ASUS/spiffs/build/spi_flash\libspi_flash.a(flash_mmap.o)
                                 0x28 (size before relaxing)
 .iram1.24.literal
                0x40080818       0x1c C:/msys32/home/ASUS/spiffs/build/spi_flash\libspi_flash.a(flash_mmap.o)
                                 0x88 (size before relaxing)
 .iram1.23.literal
                0x40080834        0x4 C:/msys32/home/ASUS/spiffs/build/spi_flash\libspi_flash.a(flash_mmap.o)
                                 0x18 (size before relaxing)
 .iram1.25.literal
                0x40080838        0xc C:/msys32/home/ASUS/spiffs/build/spi_flash\libspi_flash.a(flash_mmap.o)
                                 0x34 (size before relaxing)
 .iram1.29.literal
                0x40080844        0x0 C:/msys32/home/ASUS/spiffs/build/spi_flash\libspi_flash.a(flash_mmap.o)
                                 0x10 (size before relaxing)
 .literal.esp_rom_spiflash_read_status
                0x40080844       0x14 C:/msys32/home/ASUS/spiffs/build/spi_flash\libspi_flash.a(spi_flash_rom_patch.o)
 .literal.esp_rom_spiflash_wait_idle
                0x40080858        0x8 C:/msys32/home/ASUS/spiffs/build/spi_flash\libspi_flash.a(spi_flash_rom_patch.o)
                                  0xc (size before relaxing)
 .literal.esp_rom_spiflash_erase_block_internal
                0x40080860        0xc C:/msys32/home/ASUS/spiffs/build/spi_flash\libspi_flash.a(spi_flash_rom_patch.o)
                                 0x18 (size before relaxing)
 .literal.esp_rom_spiflash_erase_sector_internal
                0x4008086c        0x4 C:/msys32/home/ASUS/spiffs/build/spi_flash\libspi_flash.a(spi_flash_rom_patch.o)
                                 0x18 (size before relaxing)
 .literal.esp_rom_spiflash_read_data
                0x40080870       0x20 C:/msys32/home/ASUS/spiffs/build/spi_flash\libspi_flash.a(spi_flash_rom_patch.o)
                                 0x34 (size before relaxing)
 .literal.esp_rom_spiflash_enable_write
                0x40080890        0x4 C:/msys32/home/ASUS/spiffs/build/spi_flash\libspi_flash.a(spi_flash_rom_patch.o)
                                 0x10 (size before relaxing)
 .literal.esp_rom_spiflash_program_page_internal
                0x40080894       0x10 C:/msys32/home/ASUS/spiffs/build/spi_flash\libspi_flash.a(spi_flash_rom_patch.o)
                                 0x40 (size before relaxing)
 .literal.esp_rom_spiflash_read_statushigh
                0x400808a4        0x4 C:/msys32/home/ASUS/spiffs/build/spi_flash\libspi_flash.a(spi_flash_rom_patch.o)
                                  0xc (size before relaxing)
 .literal.esp_rom_spiflash_write_status
                0x400808a8        0x4 C:/msys32/home/ASUS/spiffs/build/spi_flash\libspi_flash.a(spi_flash_rom_patch.o)
                                 0x14 (size before relaxing)
 .literal.esp_rom_spiflash_unlock
                0x400808ac        0x8 C:/msys32/home/ASUS/spiffs/build/spi_flash\libspi_flash.a(spi_flash_rom_patch.o)
                                 0x28 (size before relaxing)
 .literal.esp_rom_spiflash_erase_block
                0x400808b4       0x10 C:/msys32/home/ASUS/spiffs/build/spi_flash\libspi_flash.a(spi_flash_rom_patch.o)
                                 0x20 (size before relaxing)
 .literal.esp_rom_spiflash_erase_sector
                0x400808c4        0x0 C:/msys32/home/ASUS/spiffs/build/spi_flash\libspi_flash.a(spi_flash_rom_patch.o)
                                 0x20 (size before relaxing)
 .literal.esp_rom_spiflash_write
                0x400808c4        0x0 C:/msys32/home/ASUS/spiffs/build/spi_flash\libspi_flash.a(spi_flash_rom_patch.o)
                                 0x28 (size before relaxing)
 .literal.esp_rom_spiflash_write_encrypted
                0x400808c4        0xc C:/msys32/home/ASUS/spiffs/build/spi_flash\libspi_flash.a(spi_flash_rom_patch.o)
                                 0x10 (size before relaxing)
 .literal.esp_rom_spiflash_read
                0x400808d0       0x30 C:/msys32/home/ASUS/spiffs/build/spi_flash\libspi_flash.a(spi_flash_rom_patch.o)
                                 0x5c (size before relaxing)
 .literal.prvGetFreeSize
                0x40080900        0xc C:/msys32/home/ASUS/spiffs/build/esp_ringbuf\libesp_ringbuf.a(ringbuf.o)
                                 0x14 (size before relaxing)
 .literal.prvReceiveGeneric
                0x4008090c        0x4 C:/msys32/home/ASUS/spiffs/build/esp_ringbuf\libesp_ringbuf.a(ringbuf.o)
                                 0x3c (size before relaxing)
 .literal.xRingbufferSend
                0x40080910        0x4 C:/msys32/home/ASUS/spiffs/build/esp_ringbuf\libesp_ringbuf.a(ringbuf.o)
                                 0x40 (size before relaxing)
 .literal.xRingbufferReceive
                0x40080914        0x4 C:/msys32/home/ASUS/spiffs/build/esp_ringbuf\libesp_ringbuf.a(ringbuf.o)
                                 0x18 (size before relaxing)
 .literal.vRingbufferReturnItem
                0x40080918        0x4 C:/msys32/home/ASUS/spiffs/build/esp_ringbuf\libesp_ringbuf.a(ringbuf.o)
                                 0x28 (size before relaxing)
 .literal       0x4008091c        0x4 C:/msys32/home/ASUS/esp/esp-idf/components/esp32/libhal.a(windowspill_asm.o)
 .literal.panicPutChar
                0x40080920        0x4 C:/msys32/home/ASUS/spiffs/build/esp32\libesp32.a(panic.o)
                                  0x8 (size before relaxing)
 .literal.panicPutStr
                0x40080924        0x0 C:/msys32/home/ASUS/spiffs/build/esp32\libesp32.a(panic.o)
                                  0x4 (size before relaxing)
 .literal.panicPutHex
                0x40080924        0x0 C:/msys32/home/ASUS/spiffs/build/esp32\libesp32.a(panic.o)
                                  0x8 (size before relaxing)
 .literal.panicPutDec
                0x40080924        0x4 C:/msys32/home/ASUS/spiffs/build/esp32\libesp32.a(panic.o)
                                 0x10 (size before relaxing)
 .literal.illegal_instruction_helper
                0x40080928       0x18 C:/msys32/home/ASUS/spiffs/build/esp32\libesp32.a(panic.o)
                                 0x3c (size before relaxing)
 .literal.reconfigureAllWdts
                0x40080940        0xc C:/msys32/home/ASUS/spiffs/build/esp32\libesp32.a(panic.o)
                                 0x24 (size before relaxing)
 .literal.putEntry
                0x4008094c        0xc C:/msys32/home/ASUS/spiffs/build/esp32\libesp32.a(panic.o)
                                 0x20 (size before relaxing)
 .literal.doBacktrace
                0x40080958       0x10 C:/msys32/home/ASUS/spiffs/build/esp32\libesp32.a(panic.o)
                                 0x24 (size before relaxing)
 .literal.invoke_abort
                0x40080968        0x4 C:/msys32/home/ASUS/spiffs/build/esp32\libesp32.a(panic.o)
                                  0x8 (size before relaxing)
 .literal.haltOtherCore
                0x4008096c        0x0 C:/msys32/home/ASUS/spiffs/build/esp32\libesp32.a(panic.o)
                                  0x4 (size before relaxing)
 .literal.commonErrorHandler_dump
                0x4008096c       0x2c C:/msys32/home/ASUS/spiffs/build/esp32\libesp32.a(panic.o)
                                 0x90 (size before relaxing)
 .literal.esp_panic_dig_reset
                0x40080998        0x0 C:/msys32/home/ASUS/spiffs/build/esp32\libesp32.a(panic.o)
                                 0x18 (size before relaxing)
 .literal.commonErrorHandler
                0x40080998        0x8 C:/msys32/home/ASUS/spiffs/build/esp32\libesp32.a(panic.o)
                                 0x4c (size before relaxing)
 .literal.esp_error_check_failed_print
                0x400809a0       0x14 C:/msys32/home/ASUS/spiffs/build/esp32\libesp32.a(panic.o)
                                 0x2c (size before relaxing)
 .literal.abort
                0x400809b4        0x8 C:/msys32/home/ASUS/spiffs/build/esp32\libesp32.a(panic.o)
                                 0x18 (size before relaxing)
 .literal.vApplicationStackOverflowHook
                0x400809bc        0x8 C:/msys32/home/ASUS/spiffs/build/esp32\libesp32.a(panic.o)
                                 0x18 (size before relaxing)
 .literal.panicHandler
                0x400809c4       0x34 C:/msys32/home/ASUS/spiffs/build/esp32\libesp32.a(panic.o)
                                 0xa8 (size before relaxing)
 .literal.xt_unhandled_exception
                0x400809f8       0x18 C:/msys32/home/ASUS/spiffs/build/esp32\libesp32.a(panic.o)
                                 0x68 (size before relaxing)
 .literal._esp_error_check_failed
                0x40080a10        0x4 C:/msys32/home/ASUS/spiffs/build/esp32\libesp32.a(panic.o)
                                  0xc (size before relaxing)
 .literal.rtc_clk_32k_enable_common
                0x40080a14       0x14 C:/msys32/home/ASUS/spiffs/build/soc\libsoc.a(rtc_clk.o)
 .literal.rtc_clk_bbpll_disable
                0x40080a28        0x8 C:/msys32/home/ASUS/spiffs/build/soc\libsoc.a(rtc_clk.o)
                                 0x10 (size before relaxing)
 .literal.rtc_clk_bbpll_enable
                0x40080a30        0x8 C:/msys32/home/ASUS/spiffs/build/soc\libsoc.a(rtc_clk.o)
                                 0x1c (size before relaxing)
 .literal.rtc_clk_32k_enable
                0x40080a38        0x4 C:/msys32/home/ASUS/spiffs/build/soc\libsoc.a(rtc_clk.o)
                                  0xc (size before relaxing)
 .literal.rtc_clk_32k_enable_external
                0x40080a3c        0x0 C:/msys32/home/ASUS/spiffs/build/soc\libsoc.a(rtc_clk.o)
                                  0x4 (size before relaxing)
 .literal.rtc_clk_8m_enable
                0x40080a3c        0xc C:/msys32/home/ASUS/spiffs/build/soc\libsoc.a(rtc_clk.o)
                                 0x10 (size before relaxing)
 .literal.rtc_clk_slow_freq_set
                0x40080a48        0x0 C:/msys32/home/ASUS/spiffs/build/soc\libsoc.a(rtc_clk.o)
                                  0xc (size before relaxing)
 .literal.rtc_clk_slow_freq_get
                0x40080a48        0x0 C:/msys32/home/ASUS/spiffs/build/soc\libsoc.a(rtc_clk.o)
                                  0x4 (size before relaxing)
 .literal.rtc_clk_slow_freq_get_hz
                0x40080a48        0xc C:/msys32/home/ASUS/spiffs/build/soc\libsoc.a(rtc_clk.o)
                                 0x10 (size before relaxing)
 .literal.rtc_clk_fast_freq_set
                0x40080a54        0x0 C:/msys32/home/ASUS/spiffs/build/soc\libsoc.a(rtc_clk.o)
                                  0xc (size before relaxing)
 .literal.rtc_clk_bbpll_configure
                0x40080a54        0xc C:/msys32/home/ASUS/spiffs/build/soc\libsoc.a(rtc_clk.o)
                                 0x3c (size before relaxing)
 .literal.rtc_clk_xtal_freq_get
                0x40080a60        0x8 C:/msys32/home/ASUS/spiffs/build/soc\libsoc.a(rtc_clk.o)
 .literal.rtc_clk_cpu_freq_mhz_to_config
                0x40080a68        0x0 C:/msys32/home/ASUS/spiffs/build/soc\libsoc.a(rtc_clk.o)
                                  0x4 (size before relaxing)
 .literal.rtc_clk_cpu_freq_get_config
                0x40080a68       0x10 C:/msys32/home/ASUS/spiffs/build/soc\libsoc.a(rtc_clk.o)
                                 0x34 (size before relaxing)
 .literal.rtc_clk_apb_freq_update
                0x40080a78        0x4 C:/msys32/home/ASUS/spiffs/build/soc\libsoc.a(rtc_clk.o)
 .literal.rtc_clk_cpu_freq_to_xtal
                0x40080a7c        0xc C:/msys32/home/ASUS/spiffs/build/soc\libsoc.a(rtc_clk.o)
                                 0x34 (size before relaxing)
 .literal.rtc_clk_cpu_freq_set_xtal
                0x40080a88        0x0 C:/msys32/home/ASUS/spiffs/build/soc\libsoc.a(rtc_clk.o)
                                 0x10 (size before relaxing)
 .literal.rtc_clk_cpu_freq_to_pll_mhz
                0x40080a88        0x8 C:/msys32/home/ASUS/spiffs/build/soc\libsoc.a(rtc_clk.o)
                                 0x40 (size before relaxing)
 .literal.rtc_clk_cpu_freq_to_8m
                0x40080a90        0x4 C:/msys32/home/ASUS/spiffs/build/soc\libsoc.a(rtc_clk.o)
                                 0x2c (size before relaxing)
 .literal.rtc_clk_cpu_freq_set_config
                0x40080a94        0x0 C:/msys32/home/ASUS/spiffs/build/soc\libsoc.a(rtc_clk.o)
                                 0x30 (size before relaxing)
 .literal.rtc_clk_apb_freq_get
                0x40080a94        0x4 C:/msys32/home/ASUS/spiffs/build/soc\libsoc.a(rtc_clk.o)
                                 0x10 (size before relaxing)
 .literal.rtc_init
                0x40080a98       0x6c C:/msys32/home/ASUS/spiffs/build/soc\libsoc.a(rtc_init.o)
                                 0xdc (size before relaxing)
 .literal.rtc_wdt_get_protect_status
                0x40080b04        0x8 C:/msys32/home/ASUS/spiffs/build/soc\libsoc.a(rtc_wdt.o)
 .literal.rtc_wdt_protect_off
                0x40080b0c        0x0 C:/msys32/home/ASUS/spiffs/build/soc\libsoc.a(rtc_wdt.o)
                                  0x8 (size before relaxing)
 .literal.rtc_wdt_protect_on
                0x40080b0c        0x0 C:/msys32/home/ASUS/spiffs/build/soc\libsoc.a(rtc_wdt.o)
                                  0x4 (size before relaxing)
 .literal.rtc_wdt_enable
                0x40080b0c        0xc C:/msys32/home/ASUS/spiffs/build/soc\libsoc.a(rtc_wdt.o)
                                 0x10 (size before relaxing)
 .literal.rtc_wdt_feed
                0x40080b18        0x0 C:/msys32/home/ASUS/spiffs/build/soc\libsoc.a(rtc_wdt.o)
                                 0x14 (size before relaxing)
 .literal.rtc_wdt_set_time
                0x40080b18       0x14 C:/msys32/home/ASUS/spiffs/build/soc\libsoc.a(rtc_wdt.o)
                                 0x20 (size before relaxing)
 .literal.rtc_wdt_set_stage
                0x40080b2c        0x8 C:/msys32/home/ASUS/spiffs/build/soc\libsoc.a(rtc_wdt.o)
                                 0x14 (size before relaxing)
 .literal.rtc_wdt_disable
                0x40080b34        0x0 C:/msys32/home/ASUS/spiffs/build/soc\libsoc.a(rtc_wdt.o)
                                 0x2c (size before relaxing)
 .literal.rtc_wdt_set_length_of_reset_signal
                0x40080b34        0x4 C:/msys32/home/ASUS/spiffs/build/soc\libsoc.a(rtc_wdt.o)
                                  0xc (size before relaxing)
 .literal.rtc_wdt_is_on
                0x40080b38        0x0 C:/msys32/home/ASUS/spiffs/build/soc\libsoc.a(rtc_wdt.o)
                                  0x4 (size before relaxing)
 .literal.rtc_clk_cal_internal
                0x40080b38       0x2c C:/msys32/home/ASUS/spiffs/build/soc\libsoc.a(rtc_time.o)
                                 0x68 (size before relaxing)
 .literal.rtc_clk_cal
                0x40080b64        0x0 C:/msys32/home/ASUS/spiffs/build/soc\libsoc.a(rtc_time.o)
                                  0xc (size before relaxing)
 .literal.rtc_time_get
                0x40080b64       0x10 C:/msys32/home/ASUS/spiffs/build/soc\libsoc.a(rtc_time.o)
                                 0x18 (size before relaxing)
 .literal.rtc_clk_wait_for_slow_cycle
                0x40080b74        0x8 C:/msys32/home/ASUS/spiffs/build/soc\libsoc.a(rtc_time.o)
                                 0x20 (size before relaxing)
 .literal.prvResetNextTaskUnblockTime
                0x40080b7c        0x8 C:/msys32/home/ASUS/spiffs/build/freertos\libfreertos.a(tasks.o)
 .literal.prvDeleteTLS
                0x40080b84       0x10 C:/msys32/home/ASUS/spiffs/build/freertos\libfreertos.a(tasks.o)
                                 0x18 (size before relaxing)
 .literal.prvInitialiseNewTask
                0x40080b94        0x0 C:/msys32/home/ASUS/spiffs/build/freertos\libfreertos.a(tasks.o)
                                 0x18 (size before relaxing)
 .literal.prvInitialiseTaskLists
                0x40080b94       0x20 C:/msys32/home/ASUS/spiffs/build/freertos\libfreertos.a(tasks.o)
                                 0x40 (size before relaxing)
 .literal.prvDeleteTCB
                0x40080bb4        0x8 C:/msys32/home/ASUS/spiffs/build/freertos\libfreertos.a(tasks.o)
                                 0x2c (size before relaxing)
 .literal.prvAddCurrentTaskToDelayedList
                0x40080bbc        0x4 C:/msys32/home/ASUS/spiffs/build/freertos\libfreertos.a(tasks.o)
                                 0x1c (size before relaxing)
 .literal.taskYIELD_OTHER_CORE
                0x40080bc0        0x0 C:/msys32/home/ASUS/spiffs/build/freertos\libfreertos.a(tasks.o)
                                 0x10 (size before relaxing)
 .literal.vTaskSuspendAll
                0x40080bc0        0x4 C:/msys32/home/ASUS/spiffs/build/freertos\libfreertos.a(tasks.o)
                                  0x8 (size before relaxing)
 .literal.xTaskGetTickCount
                0x40080bc4        0x0 C:/msys32/home/ASUS/spiffs/build/freertos\libfreertos.a(tasks.o)
                                  0x4 (size before relaxing)
 .literal.xTaskGetIdleTaskHandleForCPU
                0x40080bc4        0xc C:/msys32/home/ASUS/spiffs/build/freertos\libfreertos.a(tasks.o)
                                 0x1c (size before relaxing)
 .literal.vTaskSwitchContext
                0x40080bd0       0x18 C:/msys32/home/ASUS/spiffs/build/freertos\libfreertos.a(tasks.o)
                                 0x3c (size before relaxing)
 .literal.vTaskSetTimeOutState
                0x40080be8        0xc C:/msys32/home/ASUS/spiffs/build/freertos\libfreertos.a(tasks.o)
                                 0x20 (size before relaxing)
 .literal.xTaskGetCurrentTaskHandle
                0x40080bf4        0x0 C:/msys32/home/ASUS/spiffs/build/freertos\libfreertos.a(tasks.o)
                                  0x8 (size before relaxing)
 .literal.__getreent
                0x40080bf4        0x0 C:/msys32/home/ASUS/spiffs/build/freertos\libfreertos.a(tasks.o)
                                  0x8 (size before relaxing)
 .literal.pcTaskGetTaskName
                0x40080bf4        0x8 C:/msys32/home/ASUS/spiffs/build/freertos\libfreertos.a(tasks.o)
                                 0x1c (size before relaxing)
 .literal.xTaskGetAffinity
                0x40080bfc        0x0 C:/msys32/home/ASUS/spiffs/build/freertos\libfreertos.a(tasks.o)
                                  0x4 (size before relaxing)
 .literal.xTaskGetCurrentTaskHandleForCPU
                0x40080bfc        0x0 C:/msys32/home/ASUS/spiffs/build/freertos\libfreertos.a(tasks.o)
                                  0x4 (size before relaxing)
 .literal.xTaskGetSchedulerState
                0x40080bfc        0x4 C:/msys32/home/ASUS/spiffs/build/freertos\libfreertos.a(tasks.o)
                                  0xc (size before relaxing)
 .literal.vTaskEnterCritical
                0x40080c00       0x20 C:/msys32/home/ASUS/spiffs/build/freertos\libfreertos.a(tasks.o)
                                 0x34 (size before relaxing)
 .literal.vTaskExitCritical
                0x40080c20        0xc C:/msys32/home/ASUS/spiffs/build/freertos\libfreertos.a(tasks.o)
                                 0x28 (size before relaxing)
 .literal.prvAddNewTaskToReadyList
                0x40080c2c       0x10 C:/msys32/home/ASUS/spiffs/build/freertos\libfreertos.a(tasks.o)
                                 0x58 (size before relaxing)
 .literal.xTaskCreatePinnedToCore
                0x40080c3c        0x0 C:/msys32/home/ASUS/spiffs/build/freertos\libfreertos.a(tasks.o)
                                 0x18 (size before relaxing)
 .literal.vTaskStartScheduler
                0x40080c3c       0x10 C:/msys32/home/ASUS/spiffs/build/freertos\libfreertos.a(tasks.o)
                                 0x3c (size before relaxing)
 .literal.vTaskDelete
                0x40080c4c        0x8 C:/msys32/home/ASUS/spiffs/build/freertos\libfreertos.a(tasks.o)
                                 0x60 (size before relaxing)
 .literal.uxTaskPriorityGet
                0x40080c54        0x0 C:/msys32/home/ASUS/spiffs/build/freertos\libfreertos.a(tasks.o)
                                 0x10 (size before relaxing)
 .literal.vTaskPrioritySet
                0x40080c54        0x4 C:/msys32/home/ASUS/spiffs/build/freertos\libfreertos.a(tasks.o)
                                 0x44 (size before relaxing)
 .literal.prvCheckTasksWaitingTermination
                0x40080c58        0x8 C:/msys32/home/ASUS/spiffs/build/freertos\libfreertos.a(tasks.o)
                                 0x30 (size before relaxing)
 .literal.prvIdleTask
                0x40080c60        0x0 C:/msys32/home/ASUS/spiffs/build/freertos\libfreertos.a(tasks.o)
                                  0x8 (size before relaxing)
 .literal.xTaskIncrementTick
                0x40080c60        0xc C:/msys32/home/ASUS/spiffs/build/freertos\libfreertos.a(tasks.o)
                                 0x6c (size before relaxing)
 .literal.xTaskResumeAll
                0x40080c6c        0x8 C:/msys32/home/ASUS/spiffs/build/freertos\libfreertos.a(tasks.o)
                                 0x5c (size before relaxing)
 .literal.vTaskPlaceOnEventList
                0x40080c74        0x8 C:/msys32/home/ASUS/spiffs/build/freertos\libfreertos.a(tasks.o)
                                 0x40 (size before relaxing)
 .literal.vTaskPlaceOnEventListRestricted
                0x40080c7c        0x8 C:/msys32/home/ASUS/spiffs/build/freertos\libfreertos.a(tasks.o)
                                 0x38 (size before relaxing)
 .literal.xTaskRemoveFromEventList
                0x40080c84        0x8 C:/msys32/home/ASUS/spiffs/build/freertos\libfreertos.a(tasks.o)
                                 0x58 (size before relaxing)
 .literal.xTaskCheckForTimeOut
                0x40080c8c        0xc C:/msys32/home/ASUS/spiffs/build/freertos\libfreertos.a(tasks.o)
                                 0x3c (size before relaxing)
 .literal.vTaskPriorityInherit
                0x40080c98        0x0 C:/msys32/home/ASUS/spiffs/build/freertos\libfreertos.a(tasks.o)
                                 0x28 (size before relaxing)
 .literal.xTaskPriorityDisinherit
                0x40080c98        0x8 C:/msys32/home/ASUS/spiffs/build/freertos\libfreertos.a(tasks.o)
                                 0x3c (size before relaxing)
 .literal.pvTaskIncrementMutexHeldCount
                0x40080ca0        0x0 C:/msys32/home/ASUS/spiffs/build/freertos\libfreertos.a(tasks.o)
                                 0x10 (size before relaxing)
 .literal.vPortTaskWrapper
                0x40080ca0        0x8 C:/msys32/home/ASUS/spiffs/build/freertos\libfreertos.a(port.o)
                                 0x18 (size before relaxing)
 .literal.pxPortInitialiseStack
                0x40080ca8       0x14 C:/msys32/home/ASUS/spiffs/build/freertos\libfreertos.a(port.o)
                                 0x1c (size before relaxing)
 .literal.xPortStartScheduler
                0x40080cbc        0x0 C:/msys32/home/ASUS/spiffs/build/freertos\libfreertos.a(port.o)
                                 0x14 (size before relaxing)
 .literal.xPortSysTickHandler
                0x40080cbc        0x0 C:/msys32/home/ASUS/spiffs/build/freertos\libfreertos.a(port.o)
                                  0x8 (size before relaxing)
 .literal.vPortYieldOtherCore
                0x40080cbc        0x0 C:/msys32/home/ASUS/spiffs/build/freertos\libfreertos.a(port.o)
                                  0x4 (size before relaxing)
 .literal.vPortReleaseTaskMPUSettings
                0x40080cbc        0x0 C:/msys32/home/ASUS/spiffs/build/freertos\libfreertos.a(port.o)
                                  0x4 (size before relaxing)
 .literal.xPortInIsrContext
                0x40080cbc        0x0 C:/msys32/home/ASUS/spiffs/build/freertos\libfreertos.a(port.o)
                                  0x8 (size before relaxing)
 .literal.vPortCPUInitializeMutex
                0x40080cbc        0x0 C:/msys32/home/ASUS/spiffs/build/freertos\libfreertos.a(port.o)
                                  0x4 (size before relaxing)
 .literal.vPortCPUAcquireMutex
                0x40080cbc       0x14 C:/msys32/home/ASUS/spiffs/build/freertos\libfreertos.a(port.o)
                                 0x30 (size before relaxing)
 .literal.vPortCPUReleaseMutex
                0x40080cd0        0xc C:/msys32/home/ASUS/spiffs/build/freertos\libfreertos.a(port.o)
                                 0x20 (size before relaxing)
 .literal._xt_tick_divisor_init
                0x40080cdc        0x8 C:/msys32/home/ASUS/spiffs/build/freertos\libfreertos.a(xtensa_init.o)
                                  0xc (size before relaxing)
 .literal.prvIsQueueFull
                0x40080ce4        0x0 C:/msys32/home/ASUS/spiffs/build/freertos\libfreertos.a(queue.o)
                                  0x8 (size before relaxing)
 .literal.prvCopyDataToQueue
                0x40080ce4        0x0 C:/msys32/home/ASUS/spiffs/build/freertos\libfreertos.a(queue.o)
                                  0xc (size before relaxing)
 .literal.prvNotifyQueueSetContainer
                0x40080ce4       0x14 C:/msys32/home/ASUS/spiffs/build/freertos\libfreertos.a(queue.o)
                                 0x34 (size before relaxing)
 .literal.prvCopyDataFromQueue
                0x40080cf8        0x0 C:/msys32/home/ASUS/spiffs/build/freertos\libfreertos.a(queue.o)
                                  0x4 (size before relaxing)
 .literal.xQueueGenericReset
                0x40080cf8        0x4 C:/msys32/home/ASUS/spiffs/build/freertos\libfreertos.a(queue.o)
                                 0x30 (size before relaxing)
 .literal.prvInitialiseNewQueue
                0x40080cfc        0x0 C:/msys32/home/ASUS/spiffs/build/freertos\libfreertos.a(queue.o)
                                  0x4 (size before relaxing)
 .literal.xQueueGenericCreate
                0x40080cfc        0x4 C:/msys32/home/ASUS/spiffs/build/freertos\libfreertos.a(queue.o)
                                 0x1c (size before relaxing)
 .literal.xQueueGetMutexHolder
                0x40080d00        0x0 C:/msys32/home/ASUS/spiffs/build/freertos\libfreertos.a(queue.o)
                                  0x8 (size before relaxing)
 .literal.xQueueCreateCountingSemaphore
                0x40080d00        0x4 C:/msys32/home/ASUS/spiffs/build/freertos\libfreertos.a(queue.o)
                                 0x28 (size before relaxing)
 .literal.xQueueGenericSend
                0x40080d04        0x4 C:/msys32/home/ASUS/spiffs/build/freertos\libfreertos.a(queue.o)
                                 0x7c (size before relaxing)
 .literal.prvInitialiseMutex
                0x40080d08        0x0 C:/msys32/home/ASUS/spiffs/build/freertos\libfreertos.a(queue.o)
                                  0x8 (size before relaxing)
 .literal.xQueueCreateMutex
                0x40080d08        0x0 C:/msys32/home/ASUS/spiffs/build/freertos\libfreertos.a(queue.o)
                                  0x8 (size before relaxing)
 .literal.xQueueGiveMutexRecursive
                0x40080d08        0x4 C:/msys32/home/ASUS/spiffs/build/freertos\libfreertos.a(queue.o)
                                 0x1c (size before relaxing)
 .literal.xQueueGenericSendFromISR
                0x40080d0c        0x4 C:/msys32/home/ASUS/spiffs/build/freertos\libfreertos.a(queue.o)
                                 0x3c (size before relaxing)
 .literal.xQueueGiveFromISR
                0x40080d10        0x4 C:/msys32/home/ASUS/spiffs/build/freertos\libfreertos.a(queue.o)
                                 0x30 (size before relaxing)
 .literal.xQueueGenericReceive
                0x40080d14        0x4 C:/msys32/home/ASUS/spiffs/build/freertos\libfreertos.a(queue.o)
                                 0x78 (size before relaxing)
 .literal.xQueueTakeMutexRecursive
                0x40080d18        0x4 C:/msys32/home/ASUS/spiffs/build/freertos\libfreertos.a(queue.o)
                                 0x1c (size before relaxing)
 .literal.xQueueReceiveFromISR
                0x40080d1c        0x4 C:/msys32/home/ASUS/spiffs/build/freertos\libfreertos.a(queue.o)
                                 0x30 (size before relaxing)
 .literal.vQueueDelete
                0x40080d20        0x4 C:/msys32/home/ASUS/spiffs/build/freertos\libfreertos.a(queue.o)
                                 0x18 (size before relaxing)
 .literal.vQueueWaitForMessageRestricted
                0x40080d24        0x0 C:/msys32/home/ASUS/spiffs/build/freertos\libfreertos.a(queue.o)
                                  0xc (size before relaxing)
 .literal.xt_unhandled_interrupt
                0x40080d24        0x4 C:/msys32/home/ASUS/spiffs/build/freertos\libfreertos.a(xtensa_intr.o)
                                  0x8 (size before relaxing)
 .literal.xt_set_interrupt_handler
                0x40080d28        0x8 C:/msys32/home/ASUS/spiffs/build/freertos\libfreertos.a(xtensa_intr.o)
                                  0xc (size before relaxing)
 .literal       0x40080d30        0x8 C:/msys32/home/ASUS/spiffs/build/freertos\libfreertos.a(portasm.o)
                                 0x54 (size before relaxing)
 .literal       0x40080d38        0x0 C:/msys32/home/ASUS/spiffs/build/freertos\libfreertos.a(xtensa_context.o)
                                 0x10 (size before relaxing)
 .literal.prvGetNextExpireTime
                0x40080d38        0x4 C:/msys32/home/ASUS/spiffs/build/freertos\libfreertos.a(timers.o)
 .literal.prvInsertTimerInActiveList
                0x40080d3c        0x4 C:/msys32/home/ASUS/spiffs/build/freertos\libfreertos.a(timers.o)
                                 0x10 (size before relaxing)
 .literal.prvCheckForValidListAndQueue
                0x40080d40       0x1c C:/msys32/home/ASUS/spiffs/build/freertos\libfreertos.a(timers.o)
                                 0x44 (size before relaxing)
 .literal.xTimerCreateTimerTask
                0x40080d5c        0xc C:/msys32/home/ASUS/spiffs/build/freertos\libfreertos.a(timers.o)
                                 0x2c (size before relaxing)
 .literal.xTimerGenericCommand
                0x40080d68        0x0 C:/msys32/home/ASUS/spiffs/build/freertos\libfreertos.a(timers.o)
                                 0x14 (size before relaxing)
 .literal.prvSwitchTimerLists
                0x40080d68        0x4 C:/msys32/home/ASUS/spiffs/build/freertos\libfreertos.a(timers.o)
                                 0x28 (size before relaxing)
 .literal.prvSampleTimeNow
                0x40080d6c        0x4 C:/msys32/home/ASUS/spiffs/build/freertos\libfreertos.a(timers.o)
                                  0xc (size before relaxing)
 .literal.prvProcessExpiredTimer
                0x40080d70        0x4 C:/msys32/home/ASUS/spiffs/build/freertos\libfreertos.a(timers.o)
                                 0x24 (size before relaxing)
 .literal.prvProcessTimerOrBlockTask
                0x40080d74        0x0 C:/msys32/home/ASUS/spiffs/build/freertos\libfreertos.a(timers.o)
                                 0x24 (size before relaxing)
 .literal.prvProcessReceivedCommands
                0x40080d74        0x8 C:/msys32/home/ASUS/spiffs/build/freertos\libfreertos.a(timers.o)
                                 0x40 (size before relaxing)
 .literal.prvTimerTask
                0x40080d7c        0x0 C:/msys32/home/ASUS/spiffs/build/freertos\libfreertos.a(timers.o)
                                  0xc (size before relaxing)
 .literal.get_prev_free_block
                0x40080d7c       0x10 C:/msys32/home/ASUS/spiffs/build/heap\libheap.a(multi_heap.o)
                                 0x28 (size before relaxing)
 .literal.split_if_necessary
                0x40080d8c       0x10 C:/msys32/home/ASUS/spiffs/build/heap\libheap.a(multi_heap.o)
                                 0x50 (size before relaxing)
 .literal.assert_valid_block
                0x40080d9c        0x0 C:/msys32/home/ASUS/spiffs/build/heap\libheap.a(multi_heap.o)
                                 0x2c (size before relaxing)
 .literal.merge_adjacent
                0x40080d9c        0x8 C:/msys32/home/ASUS/spiffs/build/heap\libheap.a(multi_heap.o)
                                 0x4c (size before relaxing)
 .literal.multi_heap_get_allocated_size_impl
                0x40080da4        0x0 C:/msys32/home/ASUS/spiffs/build/heap\libheap.a(multi_heap.o)
                                 0x10 (size before relaxing)
 .literal.multi_heap_malloc_impl
                0x40080da4        0x0 C:/msys32/home/ASUS/spiffs/build/heap\libheap.a(multi_heap.o)
                                 0x28 (size before relaxing)
 .literal.multi_heap_free_impl
                0x40080da4        0x0 C:/msys32/home/ASUS/spiffs/build/heap\libheap.a(multi_heap.o)
                                 0x50 (size before relaxing)
 .literal.multi_heap_realloc_impl
                0x40080da4        0x8 C:/msys32/home/ASUS/spiffs/build/heap\libheap.a(multi_heap.o)
                                 0x68 (size before relaxing)
 .literal       0x40080dac       0x10 C:/msys32/home/ASUS/esp/esp-idf/components/newlib/lib/libm.a(lib_a-s_fpclassify.o)
                                 0x18 (size before relaxing)
 .iram1.21      0x40080dbc       0xc9 C:/msys32/home/ASUS/spiffs/build/esp32\libesp32.a(cpu_start.o)
                                0x125 (size before relaxing)
                0x40080dbc                start_cpu0_default
                0x40080dbc                start_cpu0
 *fill*         0x40080e85        0x3 
 .iram1.23      0x40080e88       0x32 C:/msys32/home/ASUS/spiffs/build/esp32\libesp32.a(cpu_start.o)
                                 0x46 (size before relaxing)
                0x40080e88                start_cpu1
                0x40080e88                start_cpu1_default
 *fill*         0x40080eba        0x2 
 .iram1.25      0x40080ebc       0x4c C:/msys32/home/ASUS/spiffs/build/esp32\libesp32.a(cpu_start.o)
                                 0x58 (size before relaxing)
 .iram1.24      0x40080f08      0x1b6 C:/msys32/home/ASUS/spiffs/build/esp32\libesp32.a(cpu_start.o)
                                0x212 (size before relaxing)
                0x40080f08                call_start_cpu0
 *fill*         0x400810be        0x2 
 .iram1.0       0x400810c0       0x2e C:/msys32/home/ASUS/spiffs/build/esp32\libesp32.a(reset_reason.o)
                                 0x31 (size before relaxing)
                0x400810c0                esp_reset_reason_set_hint
 *fill*         0x400810ee        0x2 
 .iram1.1       0x400810f0       0x2c C:/msys32/home/ASUS/spiffs/build/esp32\libesp32.a(reset_reason.o)
                0x400810f0                esp_reset_reason_get_hint
 .iram1         0x4008111c       0xda C:/msys32/home/ASUS/spiffs/build/esp32\libesp32.a(dport_panic_highint_hdl.o)
                0x4008111c                xt_highint4
                0x400811f6                ld_include_panic_highint_hdl
 *fill*         0x400811f6        0x2 
 .iram1.14      0x400811f8       0x53 C:/msys32/home/ASUS/spiffs/build/esp32\libesp32.a(int_wdt.o)
 *fill*         0x4008124b        0x1 
 .iram1.22      0x4008124c      0x173 C:/msys32/home/ASUS/spiffs/build/esp32\libesp32.a(system_api.o)
                                0x1bf (size before relaxing)
                0x4008124c                esp_restart_noos
 *fill*         0x400813bf        0x1 
 .iram1.15      0x400813c0       0xb0 C:/msys32/home/ASUS/spiffs/build/esp32\libesp32.a(dport_access.o)
                0x400813c0                esp_dport_access_stall_other_cpu_start
 .iram1.16      0x40081470       0x7c C:/msys32/home/ASUS/spiffs/build/esp32\libesp32.a(dport_access.o)
                                 0x80 (size before relaxing)
                0x40081470                esp_dport_access_stall_other_cpu_end
 .iram1.19      0x400814ec       0x23 C:/msys32/home/ASUS/spiffs/build/esp32\libesp32.a(dport_access.o)
                                 0x27 (size before relaxing)
                0x400814ec                esp_dport_access_int_pause
 *fill*         0x4008150f        0x1 
 .iram1.20      0x40081510       0x14 C:/msys32/home/ASUS/spiffs/build/esp32\libesp32.a(dport_access.o)
                0x40081510                esp_dport_access_int_abort
 .iram1.23      0x40081524       0x15 C:/msys32/home/ASUS/spiffs/build/esp32\libesp32.a(dport_access.o)
                0x40081524                esp_dport_access_reg_read
 *fill*         0x40081539        0x3 
 .iram1.24      0x4008153c        0xc C:/msys32/home/ASUS/spiffs/build/esp32\libesp32.a(dport_access.o)
                0x4008153c                esp_dport_access_sequence_reg_read
 .iram1.20      0x40081548       0x11 C:/msys32/home/ASUS/spiffs/build/esp32\libesp32.a(esp_timer.o)
 *fill*         0x40081559        0x3 
 .iram1.17      0x4008155c        0xb C:/msys32/home/ASUS/spiffs/build/esp32\libesp32.a(esp_timer.o)
                                  0xe (size before relaxing)
 *fill*         0x40081567        0x1 
 .iram1.18      0x40081568        0xb C:/msys32/home/ASUS/spiffs/build/esp32\libesp32.a(esp_timer.o)
                                  0xe (size before relaxing)
 *fill*         0x40081573        0x1 
 .iram1.14      0x40081574       0x97 C:/msys32/home/ASUS/spiffs/build/esp32\libesp32.a(esp_timer.o)
                                 0x9e (size before relaxing)
 *fill*         0x4008160b        0x1 
 .iram1.19      0x4008160c       0x1c C:/msys32/home/ASUS/spiffs/build/esp32\libesp32.a(esp_timer.o)
                                 0x20 (size before relaxing)
 .iram1.22      0x40081628        0xf C:/msys32/home/ASUS/spiffs/build/esp32\libesp32.a(esp_timer.o)
                0x40081628                esp_timer_get_time
 *fill*         0x40081637        0x1 
 .iram1.11      0x40081638       0x39 C:/msys32/home/ASUS/spiffs/build/esp32\libesp32.a(intr_alloc.o)
                                 0x3c (size before relaxing)
 *fill*         0x40081671        0x3 
 .iram1.13      0x40081674       0x85 C:/msys32/home/ASUS/spiffs/build/esp32\libesp32.a(intr_alloc.o)
                                 0x89 (size before relaxing)
                0x40081674                esp_intr_enable
 *fill*         0x400816f9        0x3 
 .iram1.14      0x400816fc       0xc5 C:/msys32/home/ASUS/spiffs/build/esp32\libesp32.a(intr_alloc.o)
                                 0xcd (size before relaxing)
                0x400816fc                esp_intr_disable
 *fill*         0x400817c1        0x3 
 .iram1.15      0x400817c4       0x4c C:/msys32/home/ASUS/spiffs/build/esp32\libesp32.a(intr_alloc.o)
                                 0x50 (size before relaxing)
                0x400817c4                esp_intr_noniram_disable
 .iram1.16      0x40081810       0x3e C:/msys32/home/ASUS/spiffs/build/esp32\libesp32.a(intr_alloc.o)
                0x40081810                esp_intr_noniram_enable
 *fill*         0x4008184e        0x2 
 .iram1.11      0x40081850       0x7f C:/msys32/home/ASUS/spiffs/build/esp32\libesp32.a(ipc.o)
                                 0x8b (size before relaxing)
 *fill*         0x400818cf        0x1 
 .iram1.13      0x400818d0       0x2c C:/msys32/home/ASUS/spiffs/build/esp32\libesp32.a(cache_err_int.o)
                                 0x34 (size before relaxing)
                0x400818d0                esp_cache_err_get_cpuid
 .iram1.10      0x400818fc       0x27 C:/msys32/home/ASUS/spiffs/build/esp32\libesp32.a(freertos_hooks.o)
                0x400818fc                esp_vApplicationTickHook
 *fill*         0x40081923        0x1 
 .iram1.4       0x40081924       0x10 C:/msys32/home/ASUS/spiffs/build/esp32\libesp32.a(clk.o)
                0x40081924                esp_clk_cpu_freq
 .iram1.5       0x40081934       0x15 C:/msys32/home/ASUS/spiffs/build/esp32\libesp32.a(clk.o)
                0x40081934                esp_clk_apb_freq
 *fill*         0x40081949        0x3 
 .iram1.7       0x4008194c        0xf C:/msys32/home/ASUS/spiffs/build/esp32\libesp32.a(clk.o)
                0x4008194c                ets_update_cpu_frequency
 *fill*         0x4008195b        0x1 
 .iram1.15      0x4008195c      0x122 C:/msys32/home/ASUS/spiffs/build/esp32\libesp32.a(esp_timer_esp32.o)
                                0x126 (size before relaxing)
 *fill*         0x40081a7e        0x2 
 .iram1.13      0x40081a80      0x16e C:/msys32/home/ASUS/spiffs/build/esp32\libesp32.a(esp_timer_esp32.o)
                0x40081a80                esp_timer_impl_get_time
 *fill*         0x40081bee        0x2 
 .iram1.14      0x40081bf0      0x148 C:/msys32/home/ASUS/spiffs/build/esp32\libesp32.a(esp_timer_esp32.o)
                                0x14b (size before relaxing)
                0x40081bf0                esp_timer_impl_set_alarm
 *fill*         0x40081d38        0x0 
 .iram1.17      0x40081d38       0x52 C:/msys32/home/ASUS/spiffs/build/esp32\libesp32.a(crosscore_int.o)
                                 0x5a (size before relaxing)
 *fill*         0x40081d8a        0x2 
 .iram1.16      0x40081d8c       0x44 C:/msys32/home/ASUS/spiffs/build/esp32\libesp32.a(crosscore_int.o)
                                 0x4c (size before relaxing)
 .iram1.18      0x40081dd0        0xf C:/msys32/home/ASUS/spiffs/build/esp32\libesp32.a(crosscore_int.o)
                0x40081dd0                esp_crosscore_int_send_yield
 *fill*         0x40081ddf        0x1 
 .iram1.11      0x40081de0       0x1a C:/msys32/home/ASUS/spiffs/build/freertos\libfreertos.a(port.o)
                0x40081de0                xPortInterruptedFromISRContext
 *fill*         0x40081dfa        0x2 
 .iram1         0x40081dfc      0x4f8 C:/msys32/home/ASUS/spiffs/build/freertos\libfreertos.a(xtensa_vectors.o)
                0x40081dfc                _xt_panic
                0x40081f1c                _xt_user_exit
                0x40082230                _xt_medint2_exit
                0x400822e0                _xt_medint3_exit
 .iram1.18      0x400822f4       0x28 C:/msys32/home/ASUS/spiffs/build/heap\libheap.a(heap_caps.o)
 .iram1.11      0x4008231c       0x65 C:/msys32/home/ASUS/spiffs/build/heap\libheap.a(heap_caps.o)
                                 0x74 (size before relaxing)
 *fill*         0x40082381        0x3 
 .iram1.12      0x40082384       0xa4 C:/msys32/home/ASUS/spiffs/build/heap\libheap.a(heap_caps.o)
                                 0xa8 (size before relaxing)
                0x40082384                heap_caps_malloc
 .iram1.13      0x40082428       0x49 C:/msys32/home/ASUS/spiffs/build/heap\libheap.a(heap_caps.o)
                                 0x4d (size before relaxing)
                0x40082428                heap_caps_malloc_default
 *fill*         0x40082471        0x3 
 .iram1.19      0x40082474       0x37 C:/msys32/home/ASUS/spiffs/build/heap\libheap.a(heap_caps.o)
                                 0x3e (size before relaxing)
                0x40082474                heap_caps_free
 *fill*         0x400824ab        0x1 
 .iram1.20      0x400824ac       0xad C:/msys32/home/ASUS/spiffs/build/heap\libheap.a(heap_caps.o)
                                 0xc1 (size before relaxing)
                0x400824ac                heap_caps_realloc
 *fill*         0x40082559        0x3 
 .iram1.14      0x4008255c       0x59 C:/msys32/home/ASUS/spiffs/build/heap\libheap.a(heap_caps.o)
                                 0x61 (size before relaxing)
                0x4008255c                heap_caps_realloc_default
 *fill*         0x400825b5        0x3 
 .iram1.11      0x400825b8      0x12e C:/msys32/home/ASUS/spiffs/build/log\liblog.a(log.o)
                                0x136 (size before relaxing)
                0x400825b8                esp_log_write
 *fill*         0x400826e6        0x2 
 .iram1.12      0x400826e8       0x1c C:/msys32/home/ASUS/spiffs/build/log\liblog.a(log.o)
                                 0x1f (size before relaxing)
                0x400826e8                esp_log_early_timestamp
 *fill*         0x40082704        0x0 
 .iram1.13      0x40082704       0x3f C:/msys32/home/ASUS/spiffs/build/log\liblog.a(log.o)
                                 0x47 (size before relaxing)
                0x40082704                esp_log_timestamp
 *fill*         0x40082743        0x1 
 .iram1.11      0x40082744       0x34 C:/msys32/home/ASUS/spiffs/build/newlib\libnewlib.a(locks.o)
                                 0x43 (size before relaxing)
 *fill*         0x40082778        0x0 
 .iram1.15      0x40082778       0x98 C:/msys32/home/ASUS/spiffs/build/newlib\libnewlib.a(locks.o)
                                 0xb4 (size before relaxing)
 .iram1.20      0x40082810       0x4a C:/msys32/home/ASUS/spiffs/build/newlib\libnewlib.a(locks.o)
                                 0x56 (size before relaxing)
 *fill*         0x4008285a        0x2 
 .iram1.12      0x4008285c       0x13 C:/msys32/home/ASUS/spiffs/build/newlib\libnewlib.a(locks.o)
                0x4008285c                _lock_init
 *fill*         0x4008286f        0x1 
 .iram1.13      0x40082870       0x13 C:/msys32/home/ASUS/spiffs/build/newlib\libnewlib.a(locks.o)
                0x40082870                _lock_init_recursive
 *fill*         0x40082883        0x1 
 .iram1.14      0x40082884       0x3b C:/msys32/home/ASUS/spiffs/build/newlib\libnewlib.a(locks.o)
                                 0x4b (size before relaxing)
                0x40082884                _lock_close
                0x40082884                _lock_close_recursive
 *fill*         0x400828bf        0x1 
 .iram1.16      0x400828c0        0xe C:/msys32/home/ASUS/spiffs/build/newlib\libnewlib.a(locks.o)
                                 0x12 (size before relaxing)
                0x400828c0                _lock_acquire
 *fill*         0x400828ce        0x2 
 .iram1.17      0x400828d0        0xe C:/msys32/home/ASUS/spiffs/build/newlib\libnewlib.a(locks.o)
                                 0x12 (size before relaxing)
                0x400828d0                _lock_acquire_recursive
 *fill*         0x400828de        0x2 
 .iram1.18      0x400828e0       0x10 C:/msys32/home/ASUS/spiffs/build/newlib\libnewlib.a(locks.o)
                                 0x14 (size before relaxing)
                0x400828e0                _lock_try_acquire
 .iram1.19      0x400828f0       0x10 C:/msys32/home/ASUS/spiffs/build/newlib\libnewlib.a(locks.o)
                                 0x14 (size before relaxing)
                0x400828f0                _lock_try_acquire_recursive
 .iram1.21      0x40082900        0xf C:/msys32/home/ASUS/spiffs/build/newlib\libnewlib.a(locks.o)
                0x40082900                _lock_release
 *fill*         0x4008290f        0x1 
 .iram1.22      0x40082910        0xf C:/msys32/home/ASUS/spiffs/build/newlib\libnewlib.a(locks.o)
                0x40082910                _lock_release_recursive
 *fill*         0x4008291f        0x1 
 .iram1.10      0x40082920        0xc C:/msys32/home/ASUS/spiffs/build/newlib\libnewlib.a(syscalls.o)
                                 0x10 (size before relaxing)
                0x40082920                _malloc_r
 .iram1.11      0x4008292c        0xa C:/msys32/home/ASUS/spiffs/build/newlib\libnewlib.a(syscalls.o)
                                  0xe (size before relaxing)
                0x4008292c                _free_r
 *fill*         0x40082936        0x2 
 .iram1.12      0x40082938       0x11 C:/msys32/home/ASUS/spiffs/build/newlib\libnewlib.a(syscalls.o)
                0x40082938                _realloc_r
 *fill*         0x40082949        0x3 
 .iram1.13      0x4008294c       0x2c C:/msys32/home/ASUS/spiffs/build/newlib\libnewlib.a(syscalls.o)
                0x4008294c                _calloc_r
 .iram1.0       0x40082978       0x3c C:/msys32/home/ASUS/spiffs/build/newlib\libnewlib.a(reent_init.o)
                0x40082978                esp_reent_init
 .iram1.12      0x400829b4       0x46 C:/msys32/home/ASUS/spiffs/build/newlib\libnewlib.a(time.o)
                                 0x4a (size before relaxing)
                0x400829b4                _gettimeofday_r
 *fill*         0x400829fa        0x2 
 .iram1.11      0x400829fc       0x28 C:/msys32/home/ASUS/spiffs/build/newlib\libnewlib.a(time.o)
                                 0x2c (size before relaxing)
                0x400829fc                _times_r
 .iram1.0       0x40082a24       0x92 C:/msys32/home/ASUS/spiffs/build/soc\libsoc.a(cpu_util.o)
                0x40082a24                esp_cpu_stall
 *fill*         0x40082ab6        0x2 
 .iram1.1       0x40082ab8       0x54 C:/msys32/home/ASUS/spiffs/build/soc\libsoc.a(cpu_util.o)
                0x40082ab8                esp_cpu_unstall
 .iram1.2       0x40082b0c       0x21 C:/msys32/home/ASUS/spiffs/build/soc\libsoc.a(cpu_util.o)
                0x40082b0c                esp_cpu_reset
 *fill*         0x40082b2d        0x3 
 .iram1.3       0x40082b30        0xe C:/msys32/home/ASUS/spiffs/build/soc\libsoc.a(cpu_util.o)
                0x40082b30                esp_cpu_in_ocd_debug_mode
 *fill*         0x40082b3e        0x2 
 .iram1.37      0x40082b40       0x1a C:/msys32/home/ASUS/spiffs/build/spi_flash\libspi_flash.a(flash_ops.o)
 *fill*         0x40082b5a        0x2 
 .iram1.29      0x40082b5c       0x42 C:/msys32/home/ASUS/spiffs/build/spi_flash\libspi_flash.a(flash_ops.o)
 *fill*         0x40082b9e        0x2 
 .iram1.32      0x40082ba0       0x10 C:/msys32/home/ASUS/spiffs/build/spi_flash\libspi_flash.a(flash_ops.o)
                                 0x14 (size before relaxing)
 .iram1.22      0x40082bb0        0xa C:/msys32/home/ASUS/spiffs/build/spi_flash\libspi_flash.a(flash_ops.o)
                0x40082bb0                spi_flash_guard_set
 *fill*         0x40082bba        0x2 
 .iram1.24      0x40082bbc        0xa C:/msys32/home/ASUS/spiffs/build/spi_flash\libspi_flash.a(flash_ops.o)
                0x40082bbc                spi_flash_get_chip_size
 *fill*         0x40082bc6        0x2 
 .iram1.31      0x40082bc8       0xba C:/msys32/home/ASUS/spiffs/build/spi_flash\libspi_flash.a(flash_ops.o)
                                 0xc6 (size before relaxing)
                0x40082bc8                spi_flash_erase_range
 *fill*         0x40082c82        0x2 
 .iram1.33      0x40082c84      0x1ca C:/msys32/home/ASUS/spiffs/build/spi_flash\libspi_flash.a(flash_ops.o)
                                0x1e2 (size before relaxing)
                0x40082c84                spi_flash_write
 *fill*         0x40082e4e        0x2 
 .iram1.35      0x40082e50      0x295 C:/msys32/home/ASUS/spiffs/build/spi_flash\libspi_flash.a(flash_ops.o)
                                0x2a5 (size before relaxing)
                0x40082e50                spi_flash_read
 *fill*         0x400830e5        0x3 
 .iram1.36      0x400830e8       0x4a C:/msys32/home/ASUS/spiffs/build/spi_flash\libspi_flash.a(flash_ops.o)
                                 0x4e (size before relaxing)
                0x400830e8                spi_flash_read_encrypted
 *fill*         0x40083132        0x2 
 .iram1.34      0x40083134      0x116 C:/msys32/home/ASUS/spiffs/build/spi_flash\libspi_flash.a(flash_ops.o)
                                0x11e (size before relaxing)
                0x40083134                spi_flash_write_encrypted
 *fill*         0x4008324a        0x2 
 .iram1.28      0x4008324c       0x64 C:/msys32/home/ASUS/spiffs/build/spi_flash\libspi_flash.a(cache_utils.o)
                                 0x6c (size before relaxing)
 .iram1.22      0x400832b0       0x43 C:/msys32/home/ASUS/spiffs/build/spi_flash\libspi_flash.a(cache_utils.o)
                                 0x4f (size before relaxing)
                0x400832b0                spi_flash_op_block_func
 *fill*         0x400832f3        0x1 
 .iram1.27      0x400832f4       0x66 C:/msys32/home/ASUS/spiffs/build/spi_flash\libspi_flash.a(cache_utils.o)
                                 0x6e (size before relaxing)
 *fill*         0x4008335a        0x2 
 .iram1.23      0x4008335c       0xde C:/msys32/home/ASUS/spiffs/build/spi_flash\libspi_flash.a(cache_utils.o)
                                0x10a (size before relaxing)
                0x4008335c                spi_flash_disable_interrupts_caches_and_other_cpu
 *fill*         0x4008343a        0x2 
 .iram1.24      0x4008343c       0x8e C:/msys32/home/ASUS/spiffs/build/spi_flash\libspi_flash.a(cache_utils.o)
                                 0xa6 (size before relaxing)
                0x4008343c                spi_flash_enable_interrupts_caches_and_other_cpu
 *fill*         0x400834ca        0x2 
 .iram1.29      0x400834cc       0x24 C:/msys32/home/ASUS/spiffs/build/spi_flash\libspi_flash.a(cache_utils.o)
                                 0x28 (size before relaxing)
                0x400834cc                spi_flash_cache_enabled
 .iram1.22      0x400834f0       0x24 C:/msys32/home/ASUS/spiffs/build/spi_flash\libspi_flash.a(flash_mmap.o)
 .iram1.21      0x40083514       0x83 C:/msys32/home/ASUS/spiffs/build/spi_flash\libspi_flash.a(flash_mmap.o)
                                 0x87 (size before relaxing)
 *fill*         0x40083597        0x1 
 .iram1.27      0x40083598       0x17 C:/msys32/home/ASUS/spiffs/build/spi_flash\libspi_flash.a(flash_mmap.o)
                                 0x1f (size before relaxing)
 *fill*         0x400835af        0x1 
 .iram1.30      0x400835b0       0x82 C:/msys32/home/ASUS/spiffs/build/spi_flash\libspi_flash.a(flash_mmap.o)
                                 0x8e (size before relaxing)
 *fill*         0x40083632        0x2 
 .iram1.24      0x40083634      0x246 C:/msys32/home/ASUS/spiffs/build/spi_flash\libspi_flash.a(flash_mmap.o)
                                0x266 (size before relaxing)
                0x40083634                spi_flash_mmap_pages
 *fill*         0x4008387a        0x2 
 .iram1.23      0x4008387c       0x71 C:/msys32/home/ASUS/spiffs/build/spi_flash\libspi_flash.a(flash_mmap.o)
                0x4008387c                spi_flash_mmap
 *fill*         0x400838ed        0x3 
 .iram1.25      0x400838f0       0xa2 C:/msys32/home/ASUS/spiffs/build/spi_flash\libspi_flash.a(flash_mmap.o)
                                 0xa6 (size before relaxing)
                0x400838f0                spi_flash_munmap
 *fill*         0x40083992        0x2 
 .iram1.29      0x40083994       0x4a C:/msys32/home/ASUS/spiffs/build/spi_flash\libspi_flash.a(flash_mmap.o)
                0x40083994                spi_flash_mark_modified_region
 *fill*         0x400839de        0x0 
 *fill*         0x400839de        0x0 
 *fill*         0x400839de        0x2 
 .iram1.0       0x400839e0       0x20 C:/msys32/home/ASUS/spiffs/build/esp32\libesp32.a(dbg_stubs.o)
 *fill*         0x40083a00        0x0 
 *fill*         0x40083a00        0x0 
 *fill*         0x40083a00        0x0 
 *fill*         0x40083a00        0x0 
 *fill*         0x40083a00        0x0 
 *fill*         0x40083a00        0x0 
 *fill*         0x40083a00        0x0 
 *fill*         0x40083a00        0x0 
 *fill*         0x40083a00        0x0 
 *fill*         0x40083a00        0x0 
 *fill*         0x40083a00        0x0 
 *fill*         0x40083a00        0x0 
 *fill*         0x40083a00        0x0 
 *fill*         0x40083a00        0x0 
 *fill*         0x40083a00        0x0 
 *fill*         0x40083a00        0x0 
 *fill*         0x40083a00        0x0 
 *fill*         0x40083a00        0x0 
 *fill*         0x40083a00        0x0 
 *fill*         0x40083a00        0x0 
 *fill*         0x40083a00        0x0 
 *fill*         0x40083a00        0x0 
 *fill*         0x40083a00        0x0 
 *fill*         0x40083a00        0x0 
 .iram1         0x40083a00       0x2e C:/msys32/home/ASUS/spiffs/build/freertos\libfreertos.a(xtensa_vector_defaults.o)
                0x40083a00                xt_debugexception
                0x40083a20                xt_highint5
                0x40083a28                xt_nmi
                0x40083a28                _xt_nmi
 *fill*         0x40083a2e        0x0 
 *fill*         0x40083a2e        0x0 
 *fill*         0x40083a2e        0x0 
 *fill*         0x40083a2e        0x0 
 *fill*         0x40083a2e        0x0 
 *fill*         0x40083a2e        0x0 
 *fill*         0x40083a2e        0x0 
 *fill*         0x40083a2e        0x0 
 *fill*         0x40083a2e        0x0 
 *fill*         0x40083a2e        0x0 
 *fill*         0x40083a2e        0x0 
 *fill*         0x40083a2e        0x0 
 *fill*         0x40083a2e        0x0 
 *fill*         0x40083a2e        0x0 
 *fill*         0x40083a2e        0x0 
 *fill*         0x40083a2e        0x0 
 *fill*         0x40083a2e        0x0 
 *fill*         0x40083a2e        0x0 
 *fill*         0x40083a2e        0x0 
 *fill*         0x40083a2e        0x0 
 *fill*         0x40083a2e        0x0 
 *fill*         0x40083a2e        0x0 
 *fill*         0x40083a2e        0x0 
 *fill*         0x40083a2e        0x0 
 *fill*         0x40083a2e        0x0 
 *fill*         0x40083a2e        0x0 
 *fill*         0x40083a2e        0x0 
 *fill*         0x40083a2e        0x0 
 *fill*         0x40083a2e        0x0 
 *fill*         0x40083a2e        0x0 
 *fill*         0x40083a2e        0x0 
 *fill*         0x40083a2e        0x0 
 *fill*         0x40083a2e        0x0 
 *fill*         0x40083a2e        0x0 
 *fill*         0x40083a2e        0x0 
 *fill*         0x40083a2e        0x0 
 *fill*         0x40083a2e        0x0 
 *fill*         0x40083a2e        0x0 
 *fill*         0x40083a2e        0x0 
 *fill*         0x40083a2e        0x0 
 *fill*         0x40083a2e        0x0 
 *fill*         0x40083a2e        0x0 
 *libspi_flash.a:spi_flash_rom_patch.*(.literal .literal.* .text .text.*)
 *fill*         0x40083a2e        0x2 
 .text.esp_rom_spiflash_read_status
                0x40083a30       0x61 C:/msys32/home/ASUS/spiffs/build/spi_flash\libspi_flash.a(spi_flash_rom_patch.o)
                0x40083a30                esp_rom_spiflash_read_status
 *fill*         0x40083a91        0x3 
 .text.esp_rom_spiflash_wait_idle
                0x40083a94       0x32 C:/msys32/home/ASUS/spiffs/build/spi_flash\libspi_flash.a(spi_flash_rom_patch.o)
                0x40083a94                esp_rom_spiflash_wait_idle
 *fill*         0x40083ac6        0x2 
 .text.esp_rom_spiflash_erase_block_internal
                0x40083ac8       0x38 C:/msys32/home/ASUS/spiffs/build/spi_flash\libspi_flash.a(spi_flash_rom_patch.o)
                                 0x3c (size before relaxing)
 .text.esp_rom_spiflash_erase_sector_internal
                0x40083b00       0x44 C:/msys32/home/ASUS/spiffs/build/spi_flash\libspi_flash.a(spi_flash_rom_patch.o)
 .text.esp_rom_spiflash_read_data
                0x40083b44      0x121 C:/msys32/home/ASUS/spiffs/build/spi_flash\libspi_flash.a(spi_flash_rom_patch.o)
 *fill*         0x40083c65        0x3 
 .text.esp_rom_spiflash_enable_write
                0x40083c68       0x39 C:/msys32/home/ASUS/spiffs/build/spi_flash\libspi_flash.a(spi_flash_rom_patch.o)
                                 0x3d (size before relaxing)
 *fill*         0x40083ca1        0x3 
 .text.esp_rom_spiflash_program_page_internal
                0x40083ca4      0x122 C:/msys32/home/ASUS/spiffs/build/spi_flash\libspi_flash.a(spi_flash_rom_patch.o)
                                0x126 (size before relaxing)
 *fill*         0x40083dc6        0x2 
 .text.esp_rom_spiflash_read_statushigh
                0x40083dc8       0x21 C:/msys32/home/ASUS/spiffs/build/spi_flash\libspi_flash.a(spi_flash_rom_patch.o)
                0x40083dc8                esp_rom_spiflash_read_statushigh
 *fill*         0x40083de9        0x3 
 .text.esp_rom_spiflash_write_status
                0x40083dec       0x34 C:/msys32/home/ASUS/spiffs/build/spi_flash\libspi_flash.a(spi_flash_rom_patch.o)
                                 0x38 (size before relaxing)
                0x40083dec                esp_rom_spiflash_write_status
 .text.esp_rom_spiflash_unlock
                0x40083e20       0x6a C:/msys32/home/ASUS/spiffs/build/spi_flash\libspi_flash.a(spi_flash_rom_patch.o)
                                 0x7e (size before relaxing)
                0x40083e20                esp_rom_spiflash_unlock
 *fill*         0x40083e8a        0x2 
 .text.esp_rom_spiflash_erase_block
                0x40083e8c       0x62 C:/msys32/home/ASUS/spiffs/build/spi_flash\libspi_flash.a(spi_flash_rom_patch.o)
                                 0x66 (size before relaxing)
                0x40083e8c                esp_rom_spiflash_erase_block
 *fill*         0x40083eee        0x2 
 .text.esp_rom_spiflash_erase_sector
                0x40083ef0       0x61 C:/msys32/home/ASUS/spiffs/build/spi_flash\libspi_flash.a(spi_flash_rom_patch.o)
                                 0x65 (size before relaxing)
                0x40083ef0                esp_rom_spiflash_erase_sector
 *fill*         0x40083f51        0x3 
 .text.esp_rom_spiflash_write
                0x40083f54       0xc6 C:/msys32/home/ASUS/spiffs/build/spi_flash\libspi_flash.a(spi_flash_rom_patch.o)
                                 0xca (size before relaxing)
                0x40083f54                esp_rom_spiflash_write
 *fill*         0x4008401a        0x2 
 .text.esp_rom_spiflash_write_encrypted
                0x4008401c       0x5a C:/msys32/home/ASUS/spiffs/build/spi_flash\libspi_flash.a(spi_flash_rom_patch.o)
                0x4008401c                esp_rom_spiflash_write_encrypted
 *fill*         0x40084076        0x2 
 .text.esp_rom_spiflash_read
                0x40084078      0x284 C:/msys32/home/ASUS/spiffs/build/spi_flash\libspi_flash.a(spi_flash_rom_patch.o)
                0x40084078                esp_rom_spiflash_read
 *fill*         0x400842fc        0x0 
 *fill*         0x400842fc        0x0 
 *fill*         0x400842fc        0x0 
 *fill*         0x400842fc        0x0 
 *fill*         0x400842fc        0x0 
 *fill*         0x400842fc        0x0 
 *fill*         0x400842fc        0x0 
 *fill*         0x400842fc        0x0 
 *fill*         0x400842fc        0x0 
 *fill*         0x400842fc        0x0 
 *fill*         0x400842fc        0x0 
 *fill*         0x400842fc        0x0 
 *libesp_ringbuf.a:(.literal .literal.* .text .text.*)
 .text.prvGetFreeSize
                0x400842fc       0x3c C:/msys32/home/ASUS/spiffs/build/esp_ringbuf\libesp_ringbuf.a(ringbuf.o)
                                 0x40 (size before relaxing)
 .text.prvReceiveGeneric
                0x40084338      0x128 C:/msys32/home/ASUS/spiffs/build/esp_ringbuf\libesp_ringbuf.a(ringbuf.o)
                                0x13c (size before relaxing)
 .text.xRingbufferSend
                0x40084460       0xfd C:/msys32/home/ASUS/spiffs/build/esp_ringbuf\libesp_ringbuf.a(ringbuf.o)
                                0x111 (size before relaxing)
                0x40084460                xRingbufferSend
 *fill*         0x4008455d        0x3 
 .text.xRingbufferReceive
                0x40084560       0x45 C:/msys32/home/ASUS/spiffs/build/esp_ringbuf\libesp_ringbuf.a(ringbuf.o)
                0x40084560                xRingbufferReceive
 *fill*         0x400845a5        0x3 
 .text.vRingbufferReturnItem
                0x400845a8       0x5a C:/msys32/home/ASUS/spiffs/build/esp_ringbuf\libesp_ringbuf.a(ringbuf.o)
                                 0x66 (size before relaxing)
                0x400845a8                vRingbufferReturnItem
 *fill*         0x40084602        0x2 
 .text.prvCheckItemAvail
                0x40084604       0x34 C:/msys32/home/ASUS/spiffs/build/esp_ringbuf\libesp_ringbuf.a(ringbuf.o)
 *fill*         0x40084638        0x0 
 *fill*         0x40084638        0x0 
 *libhal.a:(.literal .literal.* .text .text.*)
 .text          0x40084638      0x137 C:/msys32/home/ASUS/esp/esp-idf/components/esp32/libhal.a(windowspill_asm.o)
                0x40084638                xthal_spill_registers_into_stack_nw
                0x40084638                xthal_window_spill_nw
                0x4008474c                xthal_window_spill
 *fill*         0x4008476f        0x1 
 .text          0x40084770        0x8 C:/msys32/home/ASUS/esp/esp-idf/components/esp32/libhal.a(int_asm--set_intclear.o)
                0x40084770                xthal_set_intclear
 .text          0x40084778       0x48 C:/msys32/home/ASUS/esp/esp-idf/components/esp32/libhal.a(clock.o)
                0x40084778                xthal_get_ccount
                0x40084780                xthal_set_ccompare
                0x400847a0                xthal_get_ccompare
 *fill*         0x400847c0        0x0 
 .text          0x400847c0       0x3e C:/msys32/home/ASUS/esp/esp-idf/components/esp32/libhal.a(state_asm--restore_extra_nw.o)
                0x400847c0                xthal_restore_extra_nw
 *fill*         0x400847fe        0x2 
 .text          0x40084800       0x3e C:/msys32/home/ASUS/esp/esp-idf/components/esp32/libhal.a(state_asm--save_extra_nw.o)
                0x40084800                xthal_save_extra_nw
 *libapp_trace.a:(.literal .literal.* .text .text.*)
 *libesp32.a:panic.*(.literal .literal.* .text .text.*)
 *fill*         0x4008483e        0x2 
 .text.panicPutChar
                0x40084840       0x1e C:/msys32/home/ASUS/spiffs/build/esp32\libesp32.a(panic.o)
 *fill*         0x4008485e        0x2 
 .text.panicPutStr
                0x40084860       0x1a C:/msys32/home/ASUS/spiffs/build/esp32\libesp32.a(panic.o)
 *fill*         0x4008487a        0x2 
 .text.panicPutHex
                0x4008487c       0x2c C:/msys32/home/ASUS/spiffs/build/esp32\libesp32.a(panic.o)
                                 0x2f (size before relaxing)
 *fill*         0x400848a8        0x0 
 .text.panicPutDec
                0x400848a8       0x3c C:/msys32/home/ASUS/spiffs/build/esp32\libesp32.a(panic.o)
                                 0x46 (size before relaxing)
 *fill*         0x400848e4        0x0 
 .text.illegal_instruction_helper
                0x400848e4       0x57 C:/msys32/home/ASUS/spiffs/build/esp32\libesp32.a(panic.o)
                                 0x73 (size before relaxing)
 *fill*         0x4008493b        0x1 
 .text.reconfigureAllWdts
                0x4008493c       0xa8 C:/msys32/home/ASUS/spiffs/build/esp32\libesp32.a(panic.o)
 .text.putEntry
                0x400849e4       0x2b C:/msys32/home/ASUS/spiffs/build/esp32\libesp32.a(panic.o)
                                 0x37 (size before relaxing)
 *fill*         0x40084a0f        0x1 
 .text.doBacktrace